npm notice run socrates-app@1.0.0 build
npm notice run tsc --noEmit && vite build
[36mvite v6.4.3 [32mbuilding for production...[36m[39m
transforming...
node_modules/@tiptap/react/dist/index.js (1:0): Module level directives cause errors when bundled, "use client" in "node_modules/@tiptap/react/dist/index.js" was ignored.
node_modules/@radix-ui/react-alert-dialog/dist/index.mjs (1:0): Module level directives cause errors when bundled, "use client" in "node_modules/@radix-ui/react-alert-dialog/dist/index.mjs" was ignored.
node_modules/@radix-ui/react-avatar/dist/index.mjs (1:0): Module level directives cause errors when bundled, "use client" in "node_modules/@radix-ui/react-avatar/dist/index.mjs" was ignored.
node_modules/@radix-ui/react-checkbox/dist/index.mjs (1:0): Module level directives cause errors when bundled, "use client" in "node_modules/@radix-ui/react-checkbox/dist/index.mjs" was ignored.
node_modules/@radix-ui/react-accordion/dist/index.mjs (1:0): Module level directives cause errors when bundled, "use client" in "node_modules/@radix-ui/react-accordion/dist/index.mjs" was ignored.
node_modules/@radix-ui/react-dropdown-menu/dist/index.mjs (1:0): Module level directives cause errors when bundled, "use client" in "node_modules/@radix-ui/react-dropdown-menu/dist/index.mjs" was ignored.
node_modules/@radix-ui/react-direction/dist/index.mjs (1:0): Module level directives cause errors when bundled, "use client" in "node_modules/@radix-ui/react-direction/dist/index.mjs" was ignored.
node_modules/@radix-ui/react-dialog/dist/index.mjs (1:0): Module level directives cause errors when bundled, "use client" in "node_modules/@radix-ui/react-dialog/dist/index.mjs" was ignored.
node_modules/@radix-ui/react-collapsible/dist/index.mjs (1:0): Module level directives cause errors when bundled, "use client" in "node_modules/@radix-ui/react-collapsible/dist/index.mjs" was ignored.
node_modules/@radix-ui/react-context-menu/dist/index.mjs (1:0): Module level directives cause errors when bundled, "use client" in "node_modules/@radix-ui/react-context-menu/dist/index.mjs" was ignored.
node_modules/@radix-ui/react-hover-card/dist/index.mjs (1:0): Module level directives cause errors when bundled, "use client" in "node_modules/@radix-ui/react-hover-card/dist/index.mjs" was ignored.
node_modules/@radix-ui/react-label/dist/index.mjs (1:0): Module level directives cause errors when bundled, "use client" in "node_modules/@radix-ui/react-label/dist/index.mjs" was ignored.
node_modules/@radix-ui/react-form/dist/index.mjs (1:0): Module level directives cause errors when bundled, "use client" in "node_modules/@radix-ui/react-form/dist/index.mjs" was ignored.
node_modules/@radix-ui/react-password-toggle-field/dist/index.mjs (1:0): Module level directives cause errors when bundled, "use client" in "node_modules/@radix-ui/react-password-toggle-field/dist/index.mjs" was ignored.
node_modules/@radix-ui/react-popover/dist/index.mjs (1:0): Module level directives cause errors when bundled, "use client" in "node_modules/@radix-ui/react-popover/dist/index.mjs" was ignored.
node_modules/@radix-ui/react-menubar/dist/index.mjs (1:0): Module level directives cause errors when bundled, "use client" in "node_modules/@radix-ui/react-menubar/dist/index.mjs" was ignored.
node_modules/@radix-ui/react-navigation-menu/dist/index.mjs (1:0): Module level directives cause errors when bundled, "use client" in "node_modules/@radix-ui/react-navigation-menu/dist/index.mjs" was ignored.
node_modules/@radix-ui/react-progress/dist/index.mjs (1:0): Module level directives cause errors when bundled, "use client" in "node_modules/@radix-ui/react-progress/dist/index.mjs" was ignored.
node_modules/@radix-ui/react-one-time-password-field/dist/index.mjs (1:0): Module level directives cause errors when bundled, "use client" in "node_modules/@radix-ui/react-one-time-password-field/dist/index.mjs" was ignored.
node_modules/@radix-ui/react-radio-group/dist/index.mjs (1:0): Module level directives cause errors when bundled, "use client" in "node_modules/@radix-ui/react-radio-group/dist/index.mjs" was ignored.
node_modules/@radix-ui/react-toggle/dist/index.mjs (1:0): Module level directives cause errors when bundled, "use client" in "node_modules/@radix-ui/react-toggle/dist/index.mjs" was ignored.
node_modules/@radix-ui/react-switch/dist/index.mjs (1:0): Module level directives cause errors when bundled, "use client" in "node_modules/@radix-ui/react-switch/dist/index.mjs" was ignored.
node_modules/@radix-ui/react-scroll-area/dist/index.mjs (1:0): Module level directives cause errors when bundled, "use client" in "node_modules/@radix-ui/react-scroll-area/dist/index.mjs" was ignored.
node_modules/@radix-ui/react-slider/dist/index.mjs (1:0): Module level directives cause errors when bundled, "use client" in "node_modules/@radix-ui/react-slider/dist/index.mjs" was ignored.
node_modules/@radix-ui/react-tabs/dist/index.mjs (1:0): Module level directives cause errors when bundled, "use client" in "node_modules/@radix-ui/react-tabs/dist/index.mjs" was ignored.
node_modules/@radix-ui/react-toggle-group/dist/index.mjs (1:0): Module level directives cause errors when bundled, "use client" in "node_modules/@radix-ui/react-toggle-group/dist/index.mjs" was ignored.
node_modules/@radix-ui/react-toolbar/dist/index.mjs (1:0): Module level directives cause errors when bundled, "use client" in "node_modules/@radix-ui/react-toolbar/dist/index.mjs" was ignored.
node_modules/@radix-ui/react-portal/dist/index.mjs (1:0): Module level directives cause errors when bundled, "use client" in "node_modules/@radix-ui/react-portal/dist/index.mjs" was ignored.
node_modules/@radix-ui/react-toast/dist/index.mjs (1:0): Module level directives cause errors when bundled, "use client" in "node_modules/@radix-ui/react-toast/dist/index.mjs" was ignored.
node_modules/@radix-ui/react-tooltip/dist/index.mjs (1:0): Module level directives cause errors when bundled, "use client" in "node_modules/@radix-ui/react-tooltip/dist/index.mjs" was ignored.
node_modules/@radix-ui/react-select/dist/index.mjs (1:0): Module level directives cause errors when bundled, "use client" in "node_modules/@radix-ui/react-select/dist/index.mjs" was ignored.
node_modules/@radix-ui/react-presence/dist/index.mjs (1:0): Module level directives cause errors when bundled, "use client" in "node_modules/@radix-ui/react-presence/dist/index.mjs" was ignored.
node_modules/@radix-ui/react-collection/dist/index.mjs (1:0): Module level directives cause errors when bundled, "use client" in "node_modules/@radix-ui/react-collection/dist/index.mjs" was ignored.
node_modules/@radix-ui/react-dismissable-layer/dist/index.mjs (1:0): Module level directives cause errors when bundled, "use client" in "node_modules/@radix-ui/react-dismissable-layer/dist/index.mjs" was ignored.
node_modules/@radix-ui/react-focus-scope/dist/index.mjs (1:0): Module level directives cause errors when bundled, "use client" in "node_modules/@radix-ui/react-focus-scope/dist/index.mjs" was ignored.
node_modules/@radix-ui/react-focus-guards/dist/index.mjs (1:0): Module level directives cause errors when bundled, "use client" in "node_modules/@radix-ui/react-focus-guards/dist/index.mjs" was ignored.
node_modules/@radix-ui/react-roving-focus/dist/index.mjs (1:0): Module level directives cause errors when bundled, "use client" in "node_modules/@radix-ui/react-roving-focus/dist/index.mjs" was ignored.
node_modules/@radix-ui/react-popper/dist/index.mjs (1:0): Module level directives cause errors when bundled, "use client" in "node_modules/@radix-ui/react-popper/dist/index.mjs" was ignored.
node_modules/@radix-ui/react-menu/dist/index.mjs (1:0): Module level directives cause errors when bundled, "use client" in "node_modules/@radix-ui/react-menu/dist/index.mjs" was ignored.
[32m✓[39m 1320 modules transformed.
Circular chunk: chat -> ui -> chat. Please adjust the manual chunk logic for these chunks.
Circular chunk: chat -> ui -> render -> chat. Please adjust the manual chunk logic for these chunks.
Circular chunk: ui -> render -> ui. Please adjust the manual chunk logic for these chunks.
Circular chunk: chat -> ui -> render -> vendor -> chat. Please adjust the manual chunk logic for these chunks.
Circular chunk: ui -> i18n -> ui. Please adjust the manual chunk logic for these chunks.
rendering chunks...
computing gzip size...
[2mdist/[22m[32massets/plus-jakarta-sans-vietnamese-400-normal-Cg2kxhWu.woff2  [39m[1m[2m    4.10 kB[22m[1m[22m
[2mdist/[22m[32massets/plus-jakarta-sans-vietnamese-600-normal-Y4VTTRme.woff2  [39m[1m[2m    4.20 kB[22m[1m[22m
[2mdist/[22m[32massets/plus-jakarta-sans-vietnamese-500-normal-DiU8zqi-.woff2  [39m[1m[2m    4.28 kB[22m[1m[22m
[2mdist/[22m[32massets/noto-sans-sc-latin-ext-400-normal-KRK7eeLK.woff2        [39m[1m[2m    4.48 kB[22m[1m[22m
[2mdist/[22m[32massets/noto-sans-sc-latin-ext-600-normal-h7-CvYMB.woff2        [39m[1m[2m    4.51 kB[22m[1m[22m
[2mdist/[22m[32massets/noto-sans-sc-latin-ext-500-normal-GsgFcZNr.woff2        [39m[1m[2m    4.56 kB[22m[1m[22m
[2mdist/[22m[32massets/noto-sans-sc-91-400-normal-BdbNZCTz.woff2               [39m[1m[2m    4.70 kB[22m[1m[22m
[2mdist/[22m[32massets/noto-sans-sc-vietnamese-400-normal-Bi2eM1Po.woff2       [39m[1m[2m    4.71 kB[22m[1m[22m
[2mdist/[22m[32massets/noto-sans-sc-91-500-normal-i0u1m_iB.woff2               [39m[1m[2m    4.75 kB[22m[1m[22m
[2mdist/[22m[32massets/noto-sans-sc-91-600-normal-CybwX0IL.woff2               [39m[1m[2m    4.76 kB[22m[1m[22m
[2mdist/[22m[32massets/noto-sans-sc-vietnamese-600-normal-D47CFFhK.woff2       [39m[1m[2m    4.79 kB[22m[1m[22m
[2mdist/[22m[32massets/noto-sans-sc-vietnamese-500-normal-920XfTAD.woff2       [39m[1m[2m    4.83 kB[22m[1m[22m
[2mdist/[22m[32massets/inter-vietnamese-400-normal-DMkecbls.woff2              [39m[1m[2m    4.97 kB[22m[1m[22m
[2mdist/[22m[32massets/inter-vietnamese-600-normal-Cc8MFFhd.woff2              [39m[1m[2m    5.10 kB[22m[1m[22m
[2mdist/[22m[32massets/bark-D45PPiU0.png                                       [39m[1m[2m    5.10 kB[22m[1m[22m
[2mdist/[22m[32massets/inter-vietnamese-500-normal-DOriooB6.woff2              [39m[1m[2m    5.11 kB[22m[1m[22m
[2mdist/[22m[32massets/noto-sans-sc-99-500-normal-BWS8QmEB.woff2               [39m[1m[2m    5.20 kB[22m[1m[22m
[2mdist/[22m[32massets/noto-sans-sc-99-400-normal-BTAaudar.woff2               [39m[1m[2m    5.20 kB[22m[1m[22m
[2mdist/[22m[32massets/noto-sans-sc-87-400-normal-BGelIZWt.woff2               [39m[1m[2m    5.21 kB[22m[1m[22m
[2mdist/[22m[32massets/noto-sans-sc-87-600-normal-1iym0cE1.woff2               [39m[1m[2m    5.22 kB[22m[1m[22m
[2mdist/[22m[32massets/noto-sans-sc-99-600-normal-CL6skMXh.woff2               [39m[1m[2m    5.22 kB[22m[1m[22m
[2mdist/[22m[32massets/noto-sans-sc-90-500-normal-CzRUd9Y4.woff2               [39m[1m[2m    5.26 kB[22m[1m[22m
[2mdist/[22m[32massets/inter-greek-ext-400-normal-DGGRlc-M.woff2               [39m[1m[2m    5.26 kB[22m[1m[22m
[2mdist/[22m[32massets/noto-sans-sc-87-500-normal-CyNxmc60.woff2               [39m[1m[2m    5.27 kB[22m[1m[22m
[2mdist/[22m[32massets/noto-sans-sc-cyrillic-400-normal-CgZvxLpU.woff2         [39m[1m[2m    5.30 kB[22m[1m[22m
[2mdist/[22m[32massets/noto-sans-sc-90-400-normal-DRuAc-VY.woff2               [39m[1m[2m    5.32 kB[22m[1m[22m
[2mdist/[22m[32massets/noto-sans-sc-cyrillic-500-normal-DGAdDs8H.woff2         [39m[1m[2m    5.34 kB[22m[1m[22m
[2mdist/[22m[32massets/noto-sans-sc-cyrillic-600-normal-CYm2piyo.woff2         [39m[1m[2m    5.35 kB[22m[1m[22m
[2mdist/[22m[32massets/noto-sans-sc-90-600-normal-CCkKbOwb.woff2               [39m[1m[2m    5.37 kB[22m[1m[22m
[2mdist/[22m[32massets/inter-greek-ext-500-normal-C4iEst2y.woff2               [39m[1m[2m    5.43 kB[22m[1m[22m
[2mdist/[22m[32massets/newsreader-vietnamese-400-normal-DdKr49mV.woff2         [39m[1m[2m    5.43 kB[22m[1m[22m
[2mdist/[22m[32massets/inter-greek-ext-600-normal-DRtmH8MT.woff2               [39m[1m[2m    5.43 kB[22m[1m[22m
[2mdist/[22m[32massets/newsreader-vietnamese-500-normal-CL6a8tp2.woff2         [39m[1m[2m    5.44 kB[22m[1m[22m
[2mdist/[22m[32massets/newsreader-vietnamese-400-italic-bZegYFuM.woff2         [39m[1m[2m    5.56 kB[22m[1m[22m
[2mdist/[22m[32massets/plus-jakarta-sans-vietnamese-400-normal-B8TCSmUq.woff   [39m[1m[2m    5.60 kB[22m[1m[22m
[2mdist/[22m[32massets/plus-jakarta-sans-vietnamese-600-normal-5YsyKbU1.woff   [39m[1m[2m    5.74 kB[22m[1m[22m
[2mdist/[22m[32massets/agiled-DuuHyK6m.png                                     [39m[1m[2m    5.75 kB[22m[1m[22m
[2mdist/[22m[32massets/plus-jakarta-sans-vietnamese-500-normal-CvE5C8T-.woff   [39m[1m[2m    5.79 kB[22m[1m[22m
[2mdist/[22m[32massets/noto-sans-sc-latin-ext-400-normal-CY4-cFyH.woff         [39m[1m[2m    6.00 kB[22m[1m[22m
[2mdist/[22m[32massets/noto-sans-sc-latin-ext-500-normal-C2ZsKVTA.woff         [39m[1m[2m    6.01 kB[22m[1m[22m
[2mdist/[22m[32massets/noto-sans-sc-latin-ext-600-normal-v9MVS2hv.woff         [39m[1m[2m    6.04 kB[22m[1m[22m
[2mdist/[22m[32massets/noto-sans-sc-89-400-normal-acup1U1Z.woff2               [39m[1m[2m    6.11 kB[22m[1m[22m
[2mdist/[22m[32massets/noto-sans-sc-21-400-normal-Bfz3Xm1a.woff2               [39m[1m[2m    6.19 kB[22m[1m[22m
[2mdist/[22m[32massets/noto-sans-sc-89-500-normal-z-0TkXtN.woff2               [39m[1m[2m    6.22 kB[22m[1m[22m
[2mdist/[22m[32massets/noto-sans-sc-88-400-normal-D3GwXLyo.woff2               [39m[1m[2m    6.24 kB[22m[1m[22m
[2mdist/[22m[32massets/noto-sans-sc-89-600-normal-CTSdIeg8.woff2               [39m[1m[2m    6.24 kB[22m[1m[22m
[2mdist/[22m[32massets/noto-sans-sc-91-400-normal-CxcTLhKE.woff                [39m[1m[2m    6.25 kB[22m[1m[22m
[2mdist/[22m[32massets/noto-sans-sc-88-500-normal-BfIgc9Wa.woff2               [39m[1m[2m    6.26 kB[22m[1m[22m
[2mdist/[22m[32massets/noto-sans-sc-21-500-normal-Dsw-xocd.woff2               [39m[1m[2m    6.27 kB[22m[1m[22m
[2mdist/[22m[32massets/noto-sans-sc-21-600-normal-CZt2bBWO.woff2               [39m[1m[2m    6.29 kB[22m[1m[22m
[2mdist/[22m[32massets/noto-sans-sc-88-600-normal-Cf-hlmJ4.woff2               [39m[1m[2m    6.31 kB[22m[1m[22m
[2mdist/[22m[32massets/noto-sans-sc-91-500-normal-DvM0YA8l.woff                [39m[1m[2m    6.31 kB[22m[1m[22m
[2mdist/[22m[32massets/noto-sans-sc-91-600-normal-tADti8bI.woff                [39m[1m[2m    6.32 kB[22m[1m[22m
[2mdist/[22m[32massets/noto-sans-sc-87-600-normal-CZI7wgrW.woff                [39m[1m[2m    6.43 kB[22m[1m[22m
[2mdist/[22m[32massets/noto-sans-sc-87-400-normal-BfoaKG7-.woff                [39m[1m[2m    6.44 kB[22m[1m[22m
[2mdist/[22m[32massets/noto-sans-sc-87-500-normal-D9J_M8Bs.woff                [39m[1m[2m    6.44 kB[22m[1m[22m
[2mdist/[22m[32massets/noto-sans-sc-6-400-normal-D73klzWF.woff2                [39m[1m[2m    6.47 kB[22m[1m[22m
[2mdist/[22m[32massets/noto-sans-sc-vietnamese-400-normal-BKaPybhj.woff        [39m[1m[2m    6.48 kB[22m[1m[22m
[2mdist/[22m[32massets/inter-vietnamese-400-normal-Bbgyi5SW.woff               [39m[1m[2m    6.50 kB[22m[1m[22m
[2mdist/[22m[32massets/noto-sans-sc-vietnamese-500-normal-D85XQ0q2.woff        [39m[1m[2m    6.51 kB[22m[1m[22m
[2mdist/[22m[32massets/noto-sans-sc-6-600-normal-CMRT7Nw9.woff2                [39m[1m[2m    6.52 kB[22m[1m[22m
[2mdist/[22m[32massets/noto-sans-sc-vietnamese-600-normal-DaKq_q5M.woff        [39m[1m[2m    6.54 kB[22m[1m[22m
[2mdist/[22m[32massets/noto-sans-sc-6-500-normal-ClybqCn5.woff2                [39m[1m[2m    6.55 kB[22m[1m[22m
[2mdist/[22m[32massets/inter-vietnamese-500-normal-mJboJaSs.woff               [39m[1m[2m    6.60 kB[22m[1m[22m
[2mdist/[22m[32massets/inter-vietnamese-600-normal-BuLX-rYi.woff               [39m[1m[2m    6.64 kB[22m[1m[22m
[2mdist/[22m[32massets/noto-sans-sc-cyrillic-400-normal-C55cY1BO.woff          [39m[1m[2m    6.70 kB[22m[1m[22m
[2mdist/[22m[32massets/noto-sans-sc-cyrillic-500-normal-tV8XT-Gb.woff          [39m[1m[2m    6.70 kB[22m[1m[22m
[2mdist/[22m[32massets/noto-sans-sc-cyrillic-600-normal-Dy3zXw6l.woff          [39m[1m[2m    6.72 kB[22m[1m[22m
[2mdist/[22m[32massets/edenai-CVKfuLO-.png                                     [39m[1m[2m    6.74 kB[22m[1m[22m
[2mdist/[22m[32massets/noto-sans-sc-90-500-normal-C7Z1pW-B.woff                [39m[1m[2m    6.81 kB[22m[1m[22m
[2mdist/[22m[32massets/noto-sans-sc-90-600-normal-CW8S7t6t.woff                [39m[1m[2m    6.88 kB[22m[1m[22m
[2mdist/[22m[32massets/noto-sans-sc-90-400-normal-DZvnhzDn.woff                [39m[1m[2m    6.92 kB[22m[1m[22m
[2mdist/[22m[32massets/noto-sans-sc-99-400-normal-BKciDCgy.woff                [39m[1m[2m    6.92 kB[22m[1m[22m
[2mdist/[22m[32massets/newsreader-vietnamese-400-normal-BekUZro8.woff          [39m[1m[2m    6.97 kB[22m[1m[22m
[2mdist/[22m[32massets/noto-sans-sc-99-500-normal-INSdSSyd.woff                [39m[1m[2m    6.97 kB[22m[1m[22m
[2mdist/[22m[32massets/noto-sans-sc-99-600-normal-CvKT5V9W.woff                [39m[1m[2m    7.00 kB[22m[1m[22m
[2mdist/[22m[32massets/newsreader-vietnamese-500-normal-BEAbKU8A.woff          [39m[1m[2m    7.04 kB[22m[1m[22m
[2mdist/[22m[32massets/inter-greek-ext-400-normal-KugGGMne.woff                [39m[1m[2m    7.06 kB[22m[1m[22m
[2mdist/[22m[32massets/newsreader-vietnamese-400-italic-QbB8kb5s.woff          [39m[1m[2m    7.18 kB[22m[1m[22m
[2mdist/[22m[32massets/inter-greek-ext-500-normal-2j5mBUwD.woff                [39m[1m[2m    7.19 kB[22m[1m[22m
[2mdist/[22m[32massets/inter-greek-ext-600-normal-B8X0CLgF.woff                [39m[1m[2m    7.21 kB[22m[1m[22m
[2mdist/[22m[32massets/noto-sans-sc-21-400-normal-BnEV7ZGG.woff                [39m[1m[2m    7.41 kB[22m[1m[22m
[2mdist/[22m[32massets/noto-sans-sc-88-400-normal-BVGOGyuM.woff                [39m[1m[2m    7.45 kB[22m[1m[22m
[2mdist/[22m[32massets/noto-sans-sc-88-500-normal-C6O_YW_j.woff                [39m[1m[2m    7.46 kB[22m[1m[22m
[2mdist/[22m[32massets/noto-sans-sc-88-600-normal-DMttCkew.woff                [39m[1m[2m    7.48 kB[22m[1m[22m
[2mdist/[22m[32massets/noto-sans-sc-21-500-normal-BVNMDEWP.woff                [39m[1m[2m    7.54 kB[22m[1m[22m
[2mdist/[22m[32massets/noto-sans-sc-21-600-normal-D4h02RWN.woff                [39m[1m[2m    7.56 kB[22m[1m[22m
[2mdist/[22m[32massets/inter-cyrillic-400-normal-obahsSVq.woff2                [39m[1m[2m    7.71 kB[22m[1m[22m
[2mdist/[22m[32massets/noto-sans-sc-89-400-normal-DjBdLf5T.woff                [39m[1m[2m    7.75 kB[22m[1m[22m
[2mdist/[22m[32massets/inter-greek-400-normal-B4URO6DV.woff2                   [39m[1m[2m    7.78 kB[22m[1m[22m
[2mdist/[22m[32massets/godial-tQPBOtKk.png                                     [39m[1m[2m    7.78 kB[22m[1m[22m
[2mdist/[22m[32massets/noto-sans-sc-89-500-normal-DgD3piDH.woff                [39m[1m[2m    7.84 kB[22m[1m[22m
[2mdist/[22m[32massets/noto-sans-sc-89-600-normal-CGeeUbqy.woff                [39m[1m[2m    7.90 kB[22m[1m[22m
[2mdist/[22m[32massets/inter-cyrillic-500-normal-BasfLYem.woff2                [39m[1m[2m    7.90 kB[22m[1m[22m
[2mdist/[22m[32massets/inter-greek-500-normal-BIZE56-Y.woff2                   [39m[1m[2m    7.92 kB[22m[1m[22m
[2mdist/[22m[32massets/inter-greek-600-normal-plRanbMR.woff2                   [39m[1m[2m    7.94 kB[22m[1m[22m
[2mdist/[22m[32massets/inter-cyrillic-600-normal-CWCymEST.woff2                [39m[1m[2m    7.97 kB[22m[1m[22m
[2mdist/[22m[32massets/noto-sans-sc-6-500-normal-H3sFA8hz.woff                 [39m[1m[2m    8.42 kB[22m[1m[22m
[2mdist/[22m[32massets/noto-sans-sc-6-600-normal-BkcBUb8p.woff                 [39m[1m[2m    8.45 kB[22m[1m[22m
[2mdist/[22m[32massets/noto-sans-sc-6-400-normal-Cz_J3E7W.woff                 [39m[1m[2m    8.46 kB[22m[1m[22m
[2mdist/[22m[32massets/inter-cyrillic-400-normal-HOLc17fK.woff                 [39m[1m[2m    9.78 kB[22m[1m[22m
[2mdist/[22m[32massets/inter-greek-400-normal-q2sYcFCs.woff                    [39m[1m[2m    9.92 kB[22m[1m[22m
[2mdist/[22m[32massets/inter-cyrillic-600-normal-4D_pXhcN.woff                 [39m[1m[2m    9.94 kB[22m[1m[22m
[2mdist/[22m[32massets/inter-cyrillic-500-normal-CxZf_p3X.woff                 [39m[1m[2m    9.94 kB[22m[1m[22m
[2mdist/[22m[32massets/inter-greek-500-normal-Xzm54t5V.woff                    [39m[1m[2m    9.98 kB[22m[1m[22m
[2mdist/[22m[32massets/inter-greek-600-normal-BZpKdvQh.woff                    [39m[1m[2m   10.03 kB[22m[1m[22m
[2mdist/[22m[32massets/inter-cyrillic-ext-400-normal-BQZuk6qB.woff2            [39m[1m[2m   10.23 kB[22m[1m[22m
[2mdist/[22m[32massets/inter-cyrillic-ext-500-normal-B0yAr1jD.woff2            [39m[1m[2m   10.43 kB[22m[1m[22m
[2mdist/[22m[32massets/inter-cyrillic-ext-600-normal-Dfes3d0z.woff2            [39m[1m[2m   10.48 kB[22m[1m[22m
[2mdist/[22m[32massets/plus-jakarta-sans-latin-ext-400-normal-D127hM_v.woff2   [39m[1m[2m   10.59 kB[22m[1m[22m
[2mdist/[22m[32massets/plus-jakarta-sans-latin-ext-500-normal-9VZagAe1.woff2   [39m[1m[2m   10.86 kB[22m[1m[22m
[2mdist/[22m[32massets/plus-jakarta-sans-latin-ext-600-normal-DQgPU_Cg.woff2   [39m[1m[2m   10.90 kB[22m[1m[22m
[2mdist/[22m[32massets/noto-sans-sc-5-400-normal-3RzBeGhg.woff2                [39m[1m[2m   10.90 kB[22m[1m[22m
[2mdist/[22m[32massets/noto-sans-sc-5-500-normal-BdqLNb8-.woff2                [39m[1m[2m   10.94 kB[22m[1m[22m
[2mdist/[22m[32massets/noto-sans-sc-5-600-normal-Qp7kYAY0.woff2                [39m[1m[2m   10.97 kB[22m[1m[22m
[2mdist/[22m[32massets/plus-jakarta-sans-latin-400-normal-Dhut76fR.woff2       [39m[1m[2m   11.82 kB[22m[1m[22m
[2mdist/[22m[32massets/chatwork-D5BZ6LAi.png                                   [39m[1m[2m   11.85 kB[22m[1m[22m
[2mdist/[22m[32massets/plus-jakarta-sans-latin-600-normal-DLTa1BUW.woff2       [39m[1m[2m   12.19 kB[22m[1m[22m
[2mdist/[22m[32massets/plus-jakarta-sans-latin-500-normal-Bf-nb4oT.woff2       [39m[1m[2m   12.31 kB[22m[1m[22m
[2mdist/[22m[32massets/noto-sans-sc-5-600-normal-BKqdauCl.woff                 [39m[1m[2m   13.21 kB[22m[1m[22m
[2mdist/[22m[32massets/noto-sans-sc-5-400-normal-CxziD17Z.woff                 [39m[1m[2m   13.22 kB[22m[1m[22m
[2mdist/[22m[32massets/noto-sans-sc-5-500-normal-DEzgIrTU.woff                 [39m[1m[2m   13.27 kB[22m[1m[22m
[2mdist/[22m[32massets/noto-sans-sc-latin-600-normal-D5ts6k_I.woff2            [39m[1m[2m   13.27 kB[22m[1m[22m
[2mdist/[22m[32massets/noto-sans-sc-latin-400-normal-C8q2FS1w.woff2            [39m[1m[2m   13.30 kB[22m[1m[22m
[2mdist/[22m[32massets/noto-sans-sc-latin-500-normal-JVPArRf3.woff2            [39m[1m[2m   13.32 kB[22m[1m[22m
[2mdist/[22m[32massets/inter-cyrillic-ext-400-normal-DQukG94-.woff             [39m[1m[2m   13.34 kB[22m[1m[22m
[2mdist/[22m[32massets/inter-cyrillic-ext-500-normal-BmqWE9Dz.woff             [39m[1m[2m   13.45 kB[22m[1m[22m
[2mdist/[22m[32massets/data247-C3KZoxM2.png                                    [39m[1m[2m   13.46 kB[22m[1m[22m
[2mdist/[22m[32massets/inter-cyrillic-ext-600-normal-Bcila6Z-.woff             [39m[1m[2m   13.46 kB[22m[1m[22m
[2mdist/[22m[32massets/newsreader-latin-ext-400-normal-svq1FPys.woff2          [39m[1m[2m   14.21 kB[22m[1m[22m
[2mdist/[22m[32massets/noto-sans-sc-85-400-normal-CNc66YTY.woff2               [39m[1m[2m   14.60 kB[22m[1m[22m
[2mdist/[22m[32massets/noto-sans-sc-85-500-normal-BHnspF-n.woff2               [39m[1m[2m   14.70 kB[22m[1m[22m
[2mdist/[22m[32massets/noto-sans-sc-85-600-normal-BfmFc9Uo.woff2               [39m[1m[2m   14.78 kB[22m[1m[22m
[2mdist/[22m[32massets/newsreader-latin-ext-500-normal-BNHmvKvI.woff2          [39m[1m[2m   15.07 kB[22m[1m[22m
[2mdist/[22m[32massets/newsreader-latin-ext-400-italic-BMTE_bNQ.woff2          [39m[1m[2m   15.23 kB[22m[1m[22m
[2mdist/[22m[32massets/plus-jakarta-sans-latin-ext-400-normal-2ppkqaOR.woff    [39m[1m[2m   15.31 kB[22m[1m[22m
[2mdist/[22m[32massets/plus-jakarta-sans-latin-ext-600-normal-B0WRRYJ1.woff    [39m[1m[2m   15.61 kB[22m[1m[22m
[2mdist/[22m[32massets/plus-jakarta-sans-latin-ext-500-normal-CqEEAICU.woff    [39m[1m[2m   15.62 kB[22m[1m[22m
[2mdist/[22m[32massets/plus-jakarta-sans-latin-400-normal-BDKaGhyp.woff        [39m[1m[2m   15.73 kB[22m[1m[22m
[2mdist/[22m[32massets/plus-jakarta-sans-latin-600-normal-BR_Ojra4.woff        [39m[1m[2m   16.08 kB[22m[1m[22m
[2mdist/[22m[32massets/plus-jakarta-sans-latin-500-normal-DYtqi0QS.woff        [39m[1m[2m   16.12 kB[22m[1m[22m
[2mdist/[22m[32massets/noto-sans-sc-latin-400-normal-C2B4T-o7.woff             [39m[1m[2m   17.24 kB[22m[1m[22m
[2mdist/[22m[32massets/noto-sans-sc-80-400-normal-psViYwkz.woff2               [39m[1m[2m   17.30 kB[22m[1m[22m
[2mdist/[22m[32massets/noto-sans-sc-latin-500-normal-Bo6Vh9-d.woff             [39m[1m[2m   17.31 kB[22m[1m[22m
[2mdist/[22m[32massets/noto-sans-sc-latin-600-normal-C89umeU5.woff             [39m[1m[2m   17.33 kB[22m[1m[22m
[2mdist/[22m[32massets/noto-sans-sc-80-500-normal-Di8G0AhH.woff2               [39m[1m[2m   17.47 kB[22m[1m[22m
[2mdist/[22m[32massets/noto-sans-sc-84-400-normal-BtmNIfry.woff2               [39m[1m[2m   17.54 kB[22m[1m[22m
[2mdist/[22m[32massets/noto-sans-sc-80-600-normal-DUB-7Kpw.woff2               [39m[1m[2m   17.55 kB[22m[1m[22m
[2mdist/[22m[32massets/noto-sans-sc-84-500-normal-3O-pFZPI.woff2               [39m[1m[2m   17.61 kB[22m[1m[22m
[2mdist/[22m[32massets/noto-sans-sc-84-600-normal-DgyKDTRC.woff2               [39m[1m[2m   17.68 kB[22m[1m[22m
[2mdist/[22m[32massets/noto-sans-sc-86-400-normal-Cs9yXoGU.woff2               [39m[1m[2m   17.91 kB[22m[1m[22m
[2mdist/[22m[32massets/noto-sans-sc-86-500-normal-BdmmPOi_.woff2               [39m[1m[2m   17.97 kB[22m[1m[22m
[2mdist/[22m[32massets/noto-sans-sc-86-600-normal-BKwgZxet.woff2               [39m[1m[2m   18.00 kB[22m[1m[22m
[2mdist/[22m[32massets/newsreader-latin-ext-400-normal-DYA1XoQK.woff           [39m[1m[2m   18.38 kB[22m[1m[22m
[2mdist/[22m[32massets/noto-sans-sc-85-400-normal-DJgWDvwN.woff                [39m[1m[2m   18.41 kB[22m[1m[22m
[2mdist/[22m[32massets/noto-sans-sc-85-500-normal-C07hsxBo.woff                [39m[1m[2m   18.42 kB[22m[1m[22m
[2mdist/[22m[32massets/noto-sans-sc-85-600-normal-CM-KSlAY.woff                [39m[1m[2m   18.50 kB[22m[1m[22m
[2mdist/[22m[32massets/browse_ai-C45yxONX.png                                  [39m[1m[2m   18.94 kB[22m[1m[22m
[2mdist/[22m[32massets/newsreader-latin-ext-500-normal-CZruMFou.woff           [39m[1m[2m   19.30 kB[22m[1m[22m
[2mdist/[22m[32massets/noto-sans-sc-41-400-normal-CwF0ysup.woff2               [39m[1m[2m   19.41 kB[22m[1m[22m
[2mdist/[22m[32massets/noto-sans-sc-41-500-normal-DxaQVwJP.woff2               [39m[1m[2m   19.68 kB[22m[1m[22m
[2mdist/[22m[32massets/noto-sans-sc-77-400-normal-CxYpJvkI.woff2               [39m[1m[2m   19.71 kB[22m[1m[22m
[2mdist/[22m[32massets/noto-sans-sc-41-600-normal-CPcOfpNj.woff2               [39m[1m[2m   19.77 kB[22m[1m[22m
[2mdist/[22m[32massets/newsreader-latin-ext-400-italic-qdgKLcPG.woff           [39m[1m[2m   19.81 kB[22m[1m[22m
[2mdist/[22m[32massets/noto-sans-sc-77-500-normal-3BTwE5uB.woff2               [39m[1m[2m   19.99 kB[22m[1m[22m
[2mdist/[22m[32massets/noto-sans-sc-77-600-normal-BiLXi0Hr.woff2               [39m[1m[2m   20.04 kB[22m[1m[22m
[2mdist/[22m[32massets/noto-sans-sc-73-400-normal-tzRZHUkU.woff2               [39m[1m[2m   20.84 kB[22m[1m[22m
[2mdist/[22m[32massets/noto-sans-sc-73-500-normal-Cw_tnR9p.woff2               [39m[1m[2m   20.99 kB[22m[1m[22m
[2mdist/[22m[32massets/noto-sans-sc-73-600-normal-CiqoWXeJ.woff2               [39m[1m[2m   21.15 kB[22m[1m[22m
[2mdist/[22m[32massets/noto-sans-sc-64-400-normal-9n4RwFjr.woff2               [39m[1m[2m   21.89 kB[22m[1m[22m
[2mdist/[22m[32massets/noto-sans-sc-79-400-normal-Bs84SZW2.woff2               [39m[1m[2m   21.94 kB[22m[1m[22m
[2mdist/[22m[32massets/noto-sans-sc-86-600-normal-DdVQJWAG.woff                [39m[1m[2m   22.03 kB[22m[1m[22m
[2mdist/[22m[32massets/noto-sans-sc-86-500-normal-BeE1D5I_.woff                [39m[1m[2m   22.04 kB[22m[1m[22m
[2mdist/[22m[32massets/noto-sans-sc-64-500-normal-B5UNeVXi.woff2               [39m[1m[2m   22.11 kB[22m[1m[22m
[2mdist/[22m[32massets/noto-sans-sc-64-600-normal-C_x6M6zM.woff2               [39m[1m[2m   22.12 kB[22m[1m[22m
[2mdist/[22m[32massets/noto-sans-sc-86-400-normal-Ds-iyoTm.woff                [39m[1m[2m   22.13 kB[22m[1m[22m
[2mdist/[22m[32massets/noto-sans-sc-79-500-normal-C-QvHj7p.woff2               [39m[1m[2m   22.23 kB[22m[1m[22m
[2mdist/[22m[32massets/noto-sans-sc-60-400-normal-BkgLo8ii.woff2               [39m[1m[2m   22.24 kB[22m[1m[22m
[2mdist/[22m[32massets/noto-sans-sc-68-400-normal-DhhAKUnY.woff2               [39m[1m[2m   22.24 kB[22m[1m[22m
[2mdist/[22m[32massets/noto-sans-sc-80-400-normal-BJE7u3HD.woff                [39m[1m[2m   22.26 kB[22m[1m[22m
[2mdist/[22m[32massets/noto-sans-sc-79-600-normal-CAKRzEV8.woff2               [39m[1m[2m   22.26 kB[22m[1m[22m
[2mdist/[22m[32massets/noto-sans-sc-80-500-normal-Dcd-n9J5.woff                [39m[1m[2m   22.31 kB[22m[1m[22m
[2mdist/[22m[32massets/noto-sans-sc-84-400-normal-BUAHubMX.woff                [39m[1m[2m   22.32 kB[22m[1m[22m
[2mdist/[22m[32massets/noto-sans-sc-84-500-normal-sFl4NKKC.woff                [39m[1m[2m   22.32 kB[22m[1m[22m
[2mdist/[22m[32massets/noto-sans-sc-80-600-normal-6FhkjQij.woff                [39m[1m[2m   22.32 kB[22m[1m[22m
[2mdist/[22m[32massets/noto-sans-sc-84-600-normal-BO3Ekdad.woff                [39m[1m[2m   22.34 kB[22m[1m[22m
[2mdist/[22m[32massets/noto-sans-sc-65-400-normal-Co4l6Z_j.woff2               [39m[1m[2m   22.38 kB[22m[1m[22m
[2mdist/[22m[32massets/noto-sans-sc-70-400-normal-BlWmkfgH.woff2               [39m[1m[2m   22.44 kB[22m[1m[22m
[2mdist/[22m[32massets/newsreader-latin-400-normal-BFBkh4jY.woff2              [39m[1m[2m   22.48 kB[22m[1m[22m
[2mdist/[22m[32massets/noto-sans-sc-51-400-normal-BXmprHGd.woff2               [39m[1m[2m   22.50 kB[22m[1m[22m
[2mdist/[22m[32massets/noto-sans-sc-68-500-normal-BRRTtSYi.woff2               [39m[1m[2m   22.50 kB[22m[1m[22m
[2mdist/[22m[32massets/noto-sans-sc-68-600-normal-DdInsWM2.woff2               [39m[1m[2m   22.50 kB[22m[1m[22m
[2mdist/[22m[32massets/noto-sans-sc-65-500-normal-CFOLBwGK.woff2               [39m[1m[2m   22.57 kB[22m[1m[22m
[2mdist/[22m[32massets/noto-sans-sc-60-500-normal-DFqPQqQq.woff2               [39m[1m[2m   22.60 kB[22m[1m[22m
[2mdist/[22m[32massets/noto-sans-sc-65-600-normal-DxjIQU1p.woff2               [39m[1m[2m   22.63 kB[22m[1m[22m
[2mdist/[22m[32massets/noto-sans-sc-36-400-normal-BxBT42kb.woff2               [39m[1m[2m   22.65 kB[22m[1m[22m
[2mdist/[22m[32massets/noto-sans-sc-60-600-normal-DazNjZr5.woff2               [39m[1m[2m   22.77 kB[22m[1m[22m
[2mdist/[22m[32massets/noto-sans-sc-51-500-normal-B5-dbmQ8.woff2               [39m[1m[2m   22.78 kB[22m[1m[22m
[2mdist/[22m[32massets/noto-sans-sc-51-600-normal-ZZkyGTyf.woff2               [39m[1m[2m   22.87 kB[22m[1m[22m
[2mdist/[22m[32massets/noto-sans-sc-36-500-normal-CaI-3T3h.woff2               [39m[1m[2m   22.90 kB[22m[1m[22m
[2mdist/[22m[32massets/noto-sans-sc-36-600-normal-DHkFmXNt.woff2               [39m[1m[2m   22.95 kB[22m[1m[22m
[2mdist/[22m[32massets/noto-sans-sc-70-500-normal-CUVD271H.woff2               [39m[1m[2m   22.96 kB[22m[1m[22m
[2mdist/[22m[32massets/noto-sans-sc-70-600-normal-Cmgof_Ej.woff2               [39m[1m[2m   22.97 kB[22m[1m[22m
[2mdist/[22m[32massets/noto-sans-sc-53-400-normal-DpzojyPN.woff2               [39m[1m[2m   23.08 kB[22m[1m[22m
[2mdist/[22m[32massets/noto-sans-sc-83-400-normal-cx8M2qMo.woff2               [39m[1m[2m   23.08 kB[22m[1m[22m
[2mdist/[22m[32massets/noto-sans-sc-83-500-normal-CngP5iwW.woff2               [39m[1m[2m   23.39 kB[22m[1m[22m
[2mdist/[22m[32massets/noto-sans-sc-83-600-normal-CUa3w0AN.woff2               [39m[1m[2m   23.41 kB[22m[1m[22m
[2mdist/[22m[32massets/noto-sans-sc-53-500-normal-4I_fEgQd.woff2               [39m[1m[2m   23.46 kB[22m[1m[22m
[2mdist/[22m[32massets/beamer-DJ7S6BHn.png                                     [39m[1m[2m   23.48 kB[22m[1m[22m
[2mdist/[22m[32massets/noto-sans-sc-53-600-normal-BHyboCPP.woff2               [39m[1m[2m   23.52 kB[22m[1m[22m
[2mdist/[22m[32massets/newsreader-latin-500-normal-B66TYsaK.woff2              [39m[1m[2m   23.62 kB[22m[1m[22m
[2mdist/[22m[32massets/inter-latin-400-normal-C38fXH4l.woff2                   [39m[1m[2m   23.66 kB[22m[1m[22m
[2mdist/[22m[32massets/noto-sans-sc-75-400-normal-CUYSz9vA.woff2               [39m[1m[2m   23.67 kB[22m[1m[22m
[2mdist/[22m[32massets/noto-sans-sc-75-500-normal-RnXI8R7b.woff2               [39m[1m[2m   24.05 kB[22m[1m[22m
[2mdist/[22m[32massets/noto-sans-sc-61-400-normal-ggoUFMmb.woff2               [39m[1m[2m   24.18 kB[22m[1m[22m
[2mdist/[22m[32massets/noto-sans-sc-75-600-normal-ARKbJcIN.woff2               [39m[1m[2m   24.18 kB[22m[1m[22m
[2mdist/[22m[32massets/inter-latin-500-normal-Cerq10X2.woff2                   [39m[1m[2m   24.27 kB[22m[1m[22m
[2mdist/[22m[32massets/newsreader-latin-400-italic-CEihAR-f.woff2              [39m[1m[2m   24.34 kB[22m[1m[22m
[2mdist/[22m[32massets/noto-sans-sc-82-400-normal-BZZDzro0.woff2               [39m[1m[2m   24.40 kB[22m[1m[22m
[2mdist/[22m[32massets/inter-latin-600-normal-LgqL8muc.woff2                   [39m[1m[2m   24.45 kB[22m[1m[22m
[2mdist/[22m[32massets/noto-sans-sc-42-400-normal-ZKOUmsTa.woff2               [39m[1m[2m   24.46 kB[22m[1m[22m
[2mdist/[22m[32massets/noto-sans-sc-61-500-normal-BB7Zjp1f.woff2               [39m[1m[2m   24.49 kB[22m[1m[22m
[2mdist/[22m[32massets/noto-sans-sc-82-500-normal-DyyUtoXj.woff2               [39m[1m[2m   24.66 kB[22m[1m[22m
[2mdist/[22m[32massets/noto-sans-sc-61-600-normal-CtX_v32D.woff2               [39m[1m[2m   24.66 kB[22m[1m[22m
[2mdist/[22m[32massets/noto-sans-sc-42-500-normal-BqjPf_lN.woff2               [39m[1m[2m   24.68 kB[22m[1m[22m
[2mdist/[22m[32massets/noto-sans-sc-40-400-normal-DcIMWQiP.woff2               [39m[1m[2m   24.70 kB[22m[1m[22m
[2mdist/[22m[32massets/noto-sans-sc-82-600-normal-ClMFvN-k.woff2               [39m[1m[2m   24.71 kB[22m[1m[22m
[2mdist/[22m[32massets/noto-sans-sc-118-400-normal-CqQ_A8sl.woff2              [39m[1m[2m   24.72 kB[22m[1m[22m
[2mdist/[22m[32massets/noto-sans-sc-50-400-normal-BeYaGcbF.woff2               [39m[1m[2m   24.79 kB[22m[1m[22m
[2mdist/[22m[32massets/noto-sans-sc-42-600-normal-CDYhe0ZM.woff2               [39m[1m[2m   24.80 kB[22m[1m[22m
[2mdist/[22m[32massets/noto-sans-sc-118-500-normal-BkdpJ3OC.woff2              [39m[1m[2m   24.81 kB[22m[1m[22m
[2mdist/[22m[32massets/noto-sans-sc-41-400-normal-BeCST3sV.woff                [39m[1m[2m   24.87 kB[22m[1m[22m
[2mdist/[22m[32massets/noto-sans-sc-118-600-normal-CrdY8srg.woff2              [39m[1m[2m   24.94 kB[22m[1m[22m
[2mdist/[22m[32massets/noto-sans-sc-43-400-normal-WDsqqjmk.woff2               [39m[1m[2m   24.95 kB[22m[1m[22m
[2mdist/[22m[32massets/noto-sans-sc-40-500-normal-CFdw4jgZ.woff2               [39m[1m[2m   24.98 kB[22m[1m[22m
[2mdist/[22m[32massets/noto-sans-sc-41-500-normal-DxuBpi6-.woff                [39m[1m[2m   25.01 kB[22m[1m[22m
[2mdist/[22m[32massets/noto-sans-sc-72-400-normal-BLx1zxYv.woff2               [39m[1m[2m   25.01 kB[22m[1m[22m
[2mdist/[22m[32massets/noto-sans-sc-41-600-normal-ARb20F_f.woff                [39m[1m[2m   25.02 kB[22m[1m[22m
[2mdist/[22m[32massets/noto-sans-sc-50-500-normal-DlintQvq.woff2               [39m[1m[2m   25.04 kB[22m[1m[22m
[2mdist/[22m[32massets/noto-sans-sc-81-400-normal-BImDXGMr.woff2               [39m[1m[2m   25.12 kB[22m[1m[22m
[2mdist/[22m[32massets/noto-sans-sc-40-600-normal-DEQvJx_r.woff2               [39m[1m[2m   25.12 kB[22m[1m[22m
[2mdist/[22m[32massets/noto-sans-sc-59-400-normal-D7wWmpIm.woff2               [39m[1m[2m   25.13 kB[22m[1m[22m
[2mdist/[22m[32massets/noto-sans-sc-50-600-normal-CqPLGyIQ.woff2               [39m[1m[2m   25.19 kB[22m[1m[22m
[2mdist/[22m[32massets/noto-sans-sc-34-400-normal-Djw1IAuw.woff2               [39m[1m[2m   25.29 kB[22m[1m[22m
[2mdist/[22m[32massets/noto-sans-sc-43-500-normal-Btkg4xpj.woff2               [39m[1m[2m   25.32 kB[22m[1m[22m
[2mdist/[22m[32massets/noto-sans-sc-72-500-normal-DTeK03yK.woff2               [39m[1m[2m   25.37 kB[22m[1m[22m
[2mdist/[22m[32massets/noto-sans-sc-72-600-normal-DLozH5BT.woff2               [39m[1m[2m   25.37 kB[22m[1m[22m
[2mdist/[22m[32massets/noto-sans-sc-77-600-normal-32fwFvnW.woff                [39m[1m[2m   25.38 kB[22m[1m[22m
[2mdist/[22m[32massets/noto-sans-sc-31-400-normal-Cngcbauu.woff2               [39m[1m[2m   25.40 kB[22m[1m[22m
[2mdist/[22m[32massets/noto-sans-sc-43-600-normal-BVQiPukP.woff2               [39m[1m[2m   25.42 kB[22m[1m[22m
[2mdist/[22m[32massets/noto-sans-sc-33-400-normal-CUXtFK-t.woff2               [39m[1m[2m   25.44 kB[22m[1m[22m
[2mdist/[22m[32massets/noto-sans-sc-81-500-normal-DUcTi26F.woff2               [39m[1m[2m   25.44 kB[22m[1m[22m
[2mdist/[22m[32massets/noto-sans-sc-27-400-normal-LzZF_NqI.woff2               [39m[1m[2m   25.45 kB[22m[1m[22m
[2mdist/[22m[32massets/noto-sans-sc-77-500-normal-DyO6RP1r.woff                [39m[1m[2m   25.46 kB[22m[1m[22m
[2mdist/[22m[32massets/noto-sans-sc-77-400-normal-D2-acYFw.woff                [39m[1m[2m   25.47 kB[22m[1m[22m
[2mdist/[22m[32massets/noto-sans-sc-34-500-normal-Bs1nGgXz.woff2               [39m[1m[2m   25.48 kB[22m[1m[22m
[2mdist/[22m[32massets/noto-sans-sc-71-400-normal-HYJki_zr.woff2               [39m[1m[2m   25.54 kB[22m[1m[22m
[2mdist/[22m[32massets/noto-sans-sc-81-600-normal-Z83dZpCS.woff2               [39m[1m[2m   25.56 kB[22m[1m[22m
[2mdist/[22m[32massets/noto-sans-sc-59-500-normal-BxaY6bmN.woff2               [39m[1m[2m   25.62 kB[22m[1m[22m
[2mdist/[22m[32massets/noto-sans-sc-34-600-normal-DZ_AWbPt.woff2               [39m[1m[2m   25.64 kB[22m[1m[22m
[2mdist/[22m[32massets/noto-sans-sc-31-500-normal-CXR93Yl5.woff2               [39m[1m[2m   25.72 kB[22m[1m[22m
[2mdist/[22m[32massets/noto-sans-sc-71-500-normal-Dz2iPqSM.woff2               [39m[1m[2m   25.77 kB[22m[1m[22m
[2mdist/[22m[32massets/noto-sans-sc-71-600-normal-B4t1bLQn.woff2               [39m[1m[2m   25.78 kB[22m[1m[22m
[2mdist/[22m[32massets/noto-sans-sc-76-400-normal-JtvMmeCp.woff2               [39m[1m[2m   25.79 kB[22m[1m[22m
[2mdist/[22m[32massets/noto-sans-sc-59-600-normal-D16rNbHR.woff2               [39m[1m[2m   25.79 kB[22m[1m[22m
[2mdist/[22m[32massets/noto-sans-sc-55-400-normal-CYV3hjnq.woff2               [39m[1m[2m   25.82 kB[22m[1m[22m
[2mdist/[22m[32massets/noto-sans-sc-33-500-normal-Co2VsUhm.woff2               [39m[1m[2m   25.84 kB[22m[1m[22m
[2mdist/[22m[32massets/noto-sans-sc-31-600-normal-uHmiktbl.woff2               [39m[1m[2m   25.84 kB[22m[1m[22m
[2mdist/[22m[32massets/noto-sans-sc-27-500-normal-8q_kP--H.woff2               [39m[1m[2m   25.93 kB[22m[1m[22m
[2mdist/[22m[32massets/noto-sans-sc-63-400-normal-BYQsjKYd.woff2               [39m[1m[2m   25.95 kB[22m[1m[22m
[2mdist/[22m[32massets/noto-sans-sc-27-600-normal-B3BXsCTh.woff2               [39m[1m[2m   25.96 kB[22m[1m[22m
[2mdist/[22m[32massets/noto-sans-sc-33-600-normal-LAx_A9aV.woff2               [39m[1m[2m   26.02 kB[22m[1m[22m
[2mdist/[22m[32massets/noto-sans-sc-76-500-normal-B9Jbkcne.woff2               [39m[1m[2m   26.05 kB[22m[1m[22m
[2mdist/[22m[32massets/noto-sans-sc-78-400-normal-AGz1p3mV.woff2               [39m[1m[2m   26.12 kB[22m[1m[22m
[2mdist/[22m[32massets/noto-sans-sc-55-500-normal-Dx0OnOTe.woff2               [39m[1m[2m   26.14 kB[22m[1m[22m
[2mdist/[22m[32massets/noto-sans-sc-55-600-normal-CE3LpPgc.woff2               [39m[1m[2m   26.18 kB[22m[1m[22m
[2mdist/[22m[32massets/noto-sans-sc-76-600-normal-Y8oW-fKE.woff2               [39m[1m[2m   26.24 kB[22m[1m[22m
[2mdist/[22m[32massets/noto-sans-sc-63-600-normal-DtIaht4T.woff2               [39m[1m[2m   26.27 kB[22m[1m[22m
[2mdist/[22m[32massets/noto-sans-sc-63-500-normal-BUjOaASF.woff2               [39m[1m[2m   26.28 kB[22m[1m[22m
[2mdist/[22m[32massets/noto-sans-sc-73-500-normal-DRe_iCNK.woff                [39m[1m[2m   26.34 kB[22m[1m[22m
[2mdist/[22m[32massets/noto-sans-sc-73-600-normal-ctKAMYrG.woff                [39m[1m[2m   26.37 kB[22m[1m[22m
[2mdist/[22m[32massets/noto-sans-sc-73-400-normal-BRFF09wf.woff                [39m[1m[2m   26.39 kB[22m[1m[22m
[2mdist/[22m[32massets/noto-sans-sc-28-400-normal-CEc-bbYn.woff2               [39m[1m[2m   26.46 kB[22m[1m[22m
[2mdist/[22m[32massets/noto-sans-sc-78-500-normal-BVk9bSPD.woff2               [39m[1m[2m   26.48 kB[22m[1m[22m
[2mdist/[22m[32massets/noto-sans-sc-78-600-normal-CQIDvTHo.woff2               [39m[1m[2m   26.57 kB[22m[1m[22m
[2mdist/[22m[32massets/noto-sans-sc-35-400-normal-Chgyqx1E.woff2               [39m[1m[2m   26.69 kB[22m[1m[22m
[2mdist/[22m[32massets/noto-sans-sc-48-400-normal-JHdMabvg.woff2               [39m[1m[2m   26.89 kB[22m[1m[22m
[2mdist/[22m[32massets/noto-sans-sc-28-500-normal-CivsKE7T.woff2               [39m[1m[2m   26.98 kB[22m[1m[22m
[2mdist/[22m[32massets/noto-sans-sc-35-500-normal-_sfdXfug.woff2               [39m[1m[2m   27.04 kB[22m[1m[22m
[2mdist/[22m[32massets/noto-sans-sc-28-600-normal-BoxWhONk.woff2               [39m[1m[2m   27.08 kB[22m[1m[22m
[2mdist/[22m[32massets/noto-sans-sc-35-600-normal-DnscDHZ-.woff2               [39m[1m[2m   27.18 kB[22m[1m[22m
[2mdist/[22m[32massets/noto-sans-sc-26-400-normal-B306_DcA.woff2               [39m[1m[2m   27.22 kB[22m[1m[22m
[2mdist/[22m[32massets/noto-sans-sc-48-500-normal-Bqt1gTC7.woff2               [39m[1m[2m   27.22 kB[22m[1m[22m
[2mdist/[22m[32massets/noto-sans-sc-48-600-normal-CpllbcME.woff2               [39m[1m[2m   27.28 kB[22m[1m[22m
[2mdist/[22m[32massets/noto-sans-sc-52-400-normal-D6TC2b36.woff2               [39m[1m[2m   27.40 kB[22m[1m[22m
[2mdist/[22m[32massets/noto-sans-sc-26-500-normal-Bc3Q36GO.woff2               [39m[1m[2m   27.54 kB[22m[1m[22m
[2mdist/[22m[32massets/noto-sans-sc-64-500-normal-NwPloP-r.woff                [39m[1m[2m   27.59 kB[22m[1m[22m
[2mdist/[22m[32massets/noto-sans-sc-32-400-normal-BqAPF1tT.woff2               [39m[1m[2m   27.60 kB[22m[1m[22m
[2mdist/[22m[32massets/noto-sans-sc-64-400-normal-CnR-0l9p.woff                [39m[1m[2m   27.61 kB[22m[1m[22m
[2mdist/[22m[32massets/noto-sans-sc-26-600-normal-CLOubRtQ.woff2               [39m[1m[2m   27.67 kB[22m[1m[22m
[2mdist/[22m[32massets/noto-sans-sc-64-600-normal-4ZF7XLvc.woff                [39m[1m[2m   27.70 kB[22m[1m[22m
[2mdist/[22m[32massets/noto-sans-sc-39-400-normal-CNreqa8s.woff2               [39m[1m[2m   27.70 kB[22m[1m[22m
[2mdist/[22m[32massets/noto-sans-sc-54-400-normal-B9QLYnEh.woff2               [39m[1m[2m   27.74 kB[22m[1m[22m
[2mdist/[22m[32massets/noto-sans-sc-52-500-normal-C_fGT2yH.woff2               [39m[1m[2m   27.84 kB[22m[1m[22m
[2mdist/[22m[32massets/noto-sans-sc-117-400-normal-QPrBdlQO.woff2              [39m[1m[2m   27.86 kB[22m[1m[22m
[2mdist/[22m[32massets/noto-sans-sc-52-600-normal-Cvl89zgj.woff2               [39m[1m[2m   27.88 kB[22m[1m[22m
[2mdist/[22m[32massets/noto-sans-sc-66-400-normal-BELuybXz.woff2               [39m[1m[2m   27.96 kB[22m[1m[22m
[2mdist/[22m[32massets/noto-sans-sc-39-500-normal-CAOP0xX7.woff2               [39m[1m[2m   28.02 kB[22m[1m[22m
[2mdist/[22m[32massets/noto-sans-sc-67-400-normal-BS_2ddPd.woff2               [39m[1m[2m   28.05 kB[22m[1m[22m
[2mdist/[22m[32massets/noto-sans-sc-49-400-normal-B43LfYL1.woff2               [39m[1m[2m   28.08 kB[22m[1m[22m
[2mdist/[22m[32massets/noto-sans-sc-116-400-normal-B9rv4EzF.woff2              [39m[1m[2m   28.12 kB[22m[1m[22m
[2mdist/[22m[32massets/noto-sans-sc-39-600-normal-BrPbzEvC.woff2               [39m[1m[2m   28.14 kB[22m[1m[22m
[2mdist/[22m[32massets/noto-sans-sc-32-500-normal-bEbagM5b.woff2               [39m[1m[2m   28.14 kB[22m[1m[22m
[2mdist/[22m[32massets/noto-sans-sc-32-600-normal-BiPegPxD.woff2               [39m[1m[2m   28.14 kB[22m[1m[22m
[2mdist/[22m[32massets/noto-sans-sc-37-400-normal-CjshmOwp.woff2               [39m[1m[2m   28.16 kB[22m[1m[22m
[2mdist/[22m[32massets/noto-sans-sc-117-500-normal-ma0iM6M2.woff2              [39m[1m[2m   28.16 kB[22m[1m[22m
[2mdist/[22m[32massets/noto-sans-sc-54-500-normal-D-1v3FoB.woff2               [39m[1m[2m   28.18 kB[22m[1m[22m
[2mdist/[22m[32massets/noto-sans-sc-66-500-normal-BH_NxZif.woff2               [39m[1m[2m   28.18 kB[22m[1m[22m
[2mdist/[22m[32massets/noto-sans-sc-117-600-normal-B_0llC_g.woff2              [39m[1m[2m   28.24 kB[22m[1m[22m
[2mdist/[22m[32massets/noto-sans-sc-51-600-normal-UuF80PSg.woff                [39m[1m[2m   28.26 kB[22m[1m[22m
[2mdist/[22m[32massets/newsreader-latin-400-normal-gRTjlS2D.woff               [39m[1m[2m   28.29 kB[22m[1m[22m
[2mdist/[22m[32massets/noto-sans-sc-60-400-normal-BPkETD2Q.woff                [39m[1m[2m   28.29 kB[22m[1m[22m
[2mdist/[22m[32massets/noto-sans-sc-60-600-normal-CL4Cc1ID.woff                [39m[1m[2m   28.30 kB[22m[1m[22m
[2mdist/[22m[32massets/noto-sans-sc-66-600-normal-9ea7PztQ.woff2               [39m[1m[2m   28.30 kB[22m[1m[22m
[2mdist/[22m[32massets/noto-sans-sc-60-500-normal-fd1F0cyT.woff                [39m[1m[2m   28.31 kB[22m[1m[22m
[2mdist/[22m[32massets/noto-sans-sc-54-600-normal-Fy8Dohkj.woff2               [39m[1m[2m   28.32 kB[22m[1m[22m
[2mdist/[22m[32massets/noto-sans-sc-67-500-normal-DWzpSa9_.woff2               [39m[1m[2m   28.35 kB[22m[1m[22m
[2mdist/[22m[32massets/noto-sans-sc-116-500-normal-Cn7hj0Qe.woff2              [39m[1m[2m   28.37 kB[22m[1m[22m
[2mdist/[22m[32massets/noto-sans-sc-79-400-normal-C-sLDZqR.woff                [39m[1m[2m   28.37 kB[22m[1m[22m
[2mdist/[22m[32massets/noto-sans-sc-70-400-normal-1lgt7roi.woff                [39m[1m[2m   28.38 kB[22m[1m[22m
[2mdist/[22m[32massets/noto-sans-sc-65-500-normal-CYx7LshH.woff                [39m[1m[2m   28.38 kB[22m[1m[22m
[2mdist/[22m[32massets/noto-sans-sc-51-400-normal-XuFDRqdl.woff                [39m[1m[2m   28.40 kB[22m[1m[22m
[2mdist/[22m[32massets/noto-sans-sc-65-400-normal-BeK8C6zz.woff                [39m[1m[2m   28.40 kB[22m[1m[22m
[2mdist/[22m[32massets/noto-sans-sc-116-600-normal-j1eco9la.woff2              [39m[1m[2m   28.42 kB[22m[1m[22m
[2mdist/[22m[32massets/noto-sans-sc-51-500-normal-48CIxeIk.woff                [39m[1m[2m   28.42 kB[22m[1m[22m
[2mdist/[22m[32massets/noto-sans-sc-49-500-normal-BZeNF2SD.woff2               [39m[1m[2m   28.43 kB[22m[1m[22m
[2mdist/[22m[32massets/noto-sans-sc-79-500-normal-hJwbnaBG.woff                [39m[1m[2m   28.44 kB[22m[1m[22m
[2mdist/[22m[32massets/noto-sans-sc-65-600-normal-CbqgDrJw.woff                [39m[1m[2m   28.45 kB[22m[1m[22m
[2mdist/[22m[32massets/noto-sans-sc-79-600-normal-CzGl6PT1.woff                [39m[1m[2m   28.46 kB[22m[1m[22m
[2mdist/[22m[32massets/noto-sans-sc-67-600-normal-B5TRu7Pc.woff2               [39m[1m[2m   28.48 kB[22m[1m[22m
[2mdist/[22m[32massets/noto-sans-sc-56-400-normal-B57fiM3p.woff2               [39m[1m[2m   28.55 kB[22m[1m[22m
[2mdist/[22m[32massets/noto-sans-sc-37-500-normal-B98IgClf.woff2               [39m[1m[2m   28.58 kB[22m[1m[22m
[2mdist/[22m[32massets/noto-sans-sc-37-600-normal-BQVm7bvo.woff2               [39m[1m[2m   28.64 kB[22m[1m[22m
[2mdist/[22m[32massets/noto-sans-sc-49-600-normal-D4cuAwjl.woff2               [39m[1m[2m   28.66 kB[22m[1m[22m
[2mdist/[22m[32massets/noto-sans-sc-29-400-normal-CTMIENlc.woff2               [39m[1m[2m   28.68 kB[22m[1m[22m
[2mdist/[22m[32massets/noto-sans-sc-44-400-normal-wq9JI-iJ.woff2               [39m[1m[2m   28.75 kB[22m[1m[22m
[2mdist/[22m[32massets/noto-sans-sc-70-600-normal-DZ62RZw9.woff                [39m[1m[2m   28.80 kB[22m[1m[22m
[2mdist/[22m[32massets/noto-sans-sc-70-500-normal-Do2P_EZv.woff                [39m[1m[2m   28.88 kB[22m[1m[22m
[2mdist/[22m[32massets/noto-sans-sc-38-400-normal-D0ErwWLV.woff2               [39m[1m[2m   28.94 kB[22m[1m[22m
[2mdist/[22m[32massets/noto-sans-sc-56-500-normal-l5dSnWaL.woff2               [39m[1m[2m   28.97 kB[22m[1m[22m
[2mdist/[22m[32massets/noto-sans-sc-68-400-normal-BAjgs8u1.woff                [39m[1m[2m   29.04 kB[22m[1m[22m
[2mdist/[22m[32massets/noto-sans-sc-56-600-normal-Dhtblb7W.woff2               [39m[1m[2m   29.06 kB[22m[1m[22m
[2mdist/[22m[32massets/noto-sans-sc-29-500-normal-BTXg8v_Z.woff2               [39m[1m[2m   29.10 kB[22m[1m[22m
[2mdist/[22m[32massets/noto-sans-sc-68-600-normal-Bmzw4GGY.woff                [39m[1m[2m   29.12 kB[22m[1m[22m
[2mdist/[22m[32massets/noto-sans-sc-68-500-normal-O3N9pm7P.woff                [39m[1m[2m   29.13 kB[22m[1m[22m
[2mdist/[22m[32massets/noto-sans-sc-44-500-normal-DX-NL8hl.woff2               [39m[1m[2m   29.14 kB[22m[1m[22m
[2mdist/[22m[32massets/noto-sans-sc-30-400-normal-Dzb6Zn8O.woff2               [39m[1m[2m   29.16 kB[22m[1m[22m
[2mdist/[22m[32massets/noto-sans-sc-44-600-normal-BhGmL-Q5.woff2               [39m[1m[2m   29.22 kB[22m[1m[22m
[2mdist/[22m[32massets/noto-sans-sc-29-600-normal-CJz1QRhZ.woff2               [39m[1m[2m   29.30 kB[22m[1m[22m
[2mdist/[22m[32massets/noto-sans-sc-38-500-normal-DRw4QbjB.woff2               [39m[1m[2m   29.50 kB[22m[1m[22m
[2mdist/[22m[32massets/noto-sans-sc-36-600-normal-qaACogoC.woff                [39m[1m[2m   29.50 kB[22m[1m[22m
[2mdist/[22m[32massets/noto-sans-sc-36-500-normal-Ct_du2ct.woff                [39m[1m[2m   29.52 kB[22m[1m[22m
[2mdist/[22m[32massets/noto-sans-sc-30-500-normal-BvVSvPAW.woff2               [39m[1m[2m   29.53 kB[22m[1m[22m
[2mdist/[22m[32massets/noto-sans-sc-69-400-normal-o5cK7hs4.woff2               [39m[1m[2m   29.56 kB[22m[1m[22m
[2mdist/[22m[32massets/noto-sans-sc-38-600-normal-D6C6Csb-.woff2               [39m[1m[2m   29.59 kB[22m[1m[22m
[2mdist/[22m[32massets/noto-sans-sc-30-600-normal-DEFGrlTl.woff2               [39m[1m[2m   29.60 kB[22m[1m[22m
[2mdist/[22m[32massets/noto-sans-sc-36-400-normal-IjrD2Bk1.woff                [39m[1m[2m   29.61 kB[22m[1m[22m
[2mdist/[22m[32massets/noto-sans-sc-57-400-normal-0KJcqtwa.woff2               [39m[1m[2m   29.64 kB[22m[1m[22m
[2mdist/[22m[32massets/newsreader-latin-500-normal-DFwuUcdu.woff               [39m[1m[2m   29.64 kB[22m[1m[22m
[2mdist/[22m[32massets/noto-sans-sc-47-400-normal-CZbI_HNG.woff2               [39m[1m[2m   29.78 kB[22m[1m[22m
[2mdist/[22m[32massets/noto-sans-sc-83-600-normal-hP02Oq7c.woff                [39m[1m[2m   29.93 kB[22m[1m[22m
[2mdist/[22m[32massets/noto-sans-sc-53-600-normal-eWNudkKh.woff                [39m[1m[2m   29.94 kB[22m[1m[22m
[2mdist/[22m[32massets/noto-sans-sc-53-500-normal-J9uhr5mf.woff                [39m[1m[2m   29.94 kB[22m[1m[22m
[2mdist/[22m[32massets/noto-sans-sc-53-400-normal-0yU0ZVKB.woff                [39m[1m[2m   29.95 kB[22m[1m[22m
[2mdist/[22m[32massets/noto-sans-sc-115-400-normal-BQfWDt6M.woff2              [39m[1m[2m   29.97 kB[22m[1m[22m
[2mdist/[22m[32massets/noto-sans-sc-83-500-normal-BAgaWq8p.woff                [39m[1m[2m   30.00 kB[22m[1m[22m
[2mdist/[22m[32massets/noto-sans-sc-83-400-normal-CaNTasFi.woff                [39m[1m[2m   30.01 kB[22m[1m[22m
[2mdist/[22m[32massets/noto-sans-sc-74-400-normal-C40Ur-xi.woff2               [39m[1m[2m   30.04 kB[22m[1m[22m
[2mdist/[22m[32massets/noto-sans-sc-57-500-normal-CInU2z8g.woff2               [39m[1m[2m   30.06 kB[22m[1m[22m
[2mdist/[22m[32massets/noto-sans-sc-69-500-normal-CyfyID68.woff2               [39m[1m[2m   30.11 kB[22m[1m[22m
[2mdist/[22m[32massets/noto-sans-sc-57-600-normal-DEuXiX_b.woff2               [39m[1m[2m   30.15 kB[22m[1m[22m
[2mdist/[22m[32massets/noto-sans-sc-47-500-normal-D7tRwN0h.woff2               [39m[1m[2m   30.22 kB[22m[1m[22m
[2mdist/[22m[32massets/noto-sans-sc-69-600-normal-DlurzGeD.woff2               [39m[1m[2m   30.30 kB[22m[1m[22m
[2mdist/[22m[32massets/noto-sans-sc-115-500-normal-BO06SmMa.woff2              [39m[1m[2m   30.33 kB[22m[1m[22m
[2mdist/[22m[32massets/noto-sans-sc-115-600-normal-AGbcQmm1.woff2              [39m[1m[2m   30.37 kB[22m[1m[22m
[2mdist/[22m[32massets/noto-sans-sc-58-400-normal-DHIustpc.woff2               [39m[1m[2m   30.38 kB[22m[1m[22m
[2mdist/[22m[32massets/noto-sans-sc-47-600-normal-3qBBhH5J.woff2               [39m[1m[2m   30.42 kB[22m[1m[22m
[2mdist/[22m[32massets/noto-sans-sc-112-400-normal-F9zvXQVU.woff2              [39m[1m[2m   30.47 kB[22m[1m[22m
[2mdist/[22m[32massets/noto-sans-sc-61-400-normal-Db-2MbZ9.woff                [39m[1m[2m   30.48 kB[22m[1m[22m
[2mdist/[22m[32massets/noto-sans-sc-23-400-normal-D0XQUkMM.woff2               [39m[1m[2m   30.52 kB[22m[1m[22m
[2mdist/[22m[32massets/noto-sans-sc-42-400-normal-CwAh0C6j.woff                [39m[1m[2m   30.53 kB[22m[1m[22m
[2mdist/[22m[32massets/noto-sans-sc-74-500-normal-DkeJ_Z7u.woff2               [39m[1m[2m   30.54 kB[22m[1m[22m
[2mdist/[22m[32massets/noto-sans-sc-61-600-normal-68F3O99g.woff                [39m[1m[2m   30.61 kB[22m[1m[22m
[2mdist/[22m[32massets/noto-sans-sc-61-500-normal-DRxXabQ-.woff                [39m[1m[2m   30.62 kB[22m[1m[22m
[2mdist/[22m[32massets/noto-sans-sc-42-500-normal-GmHIAAIK.woff                [39m[1m[2m   30.62 kB[22m[1m[22m
[2mdist/[22m[32massets/noto-sans-sc-82-400-normal-IMxdP4Bn.woff                [39m[1m[2m   30.63 kB[22m[1m[22m
[2mdist/[22m[32massets/noto-sans-sc-82-500-normal-D9ImAMpd.woff                [39m[1m[2m   30.68 kB[22m[1m[22m
[2mdist/[22m[32massets/inter-latin-400-normal-CyCys3Eg.woff                    [39m[1m[2m   30.70 kB[22m[1m[22m
[2mdist/[22m[32massets/noto-sans-sc-114-400-normal-CZUMxNv_.woff2              [39m[1m[2m   30.71 kB[22m[1m[22m
[2mdist/[22m[32massets/noto-sans-sc-74-600-normal-BAnl7htZ.woff2               [39m[1m[2m   30.72 kB[22m[1m[22m
[2mdist/[22m[32massets/noto-sans-sc-82-600-normal-TGr4gT8E.woff                [39m[1m[2m   30.76 kB[22m[1m[22m
[2mdist/[22m[32massets/noto-sans-sc-42-600-normal-8eQMfBXD.woff                [39m[1m[2m   30.78 kB[22m[1m[22m
[2mdist/[22m[32massets/noto-sans-sc-112-500-normal-p2Brug1G.woff2              [39m[1m[2m   30.82 kB[22m[1m[22m
[2mdist/[22m[32massets/newsreader-latin-400-italic-CNZoH1hn.woff               [39m[1m[2m   30.88 kB[22m[1m[22m
[2mdist/[22m[32massets/noto-sans-sc-112-600-normal-C-K1VlX5.woff2              [39m[1m[2m   30.91 kB[22m[1m[22m
[2mdist/[22m[32massets/noto-sans-sc-72-400-normal-Df_D_sj8.woff                [39m[1m[2m   30.93 kB[22m[1m[22m
[2mdist/[22m[32massets/noto-sans-sc-58-500-normal-DUnNpYKw.woff2               [39m[1m[2m   30.97 kB[22m[1m[22m
[2mdist/[22m[32massets/noto-sans-sc-113-400-normal-DZoqVzDv.woff2              [39m[1m[2m   31.00 kB[22m[1m[22m
[2mdist/[22m[32massets/noto-sans-sc-101-400-normal-DYFU5ahq.woff2              [39m[1m[2m   31.03 kB[22m[1m[22m
[2mdist/[22m[32massets/noto-sans-sc-72-500-normal-DQHpo1Oj.woff                [39m[1m[2m   31.07 kB[22m[1m[22m
[2mdist/[22m[32massets/noto-sans-sc-114-500-normal-Dz3EZ57H.woff2              [39m[1m[2m   31.10 kB[22m[1m[22m
[2mdist/[22m[32massets/noto-sans-sc-23-500-normal-BvADtLGk.woff2               [39m[1m[2m   31.14 kB[22m[1m[22m
[2mdist/[22m[32massets/noto-sans-sc-62-400-normal-ytbDME29.woff2               [39m[1m[2m   31.15 kB[22m[1m[22m
[2mdist/[22m[32massets/noto-sans-sc-23-600-normal-CuQiLWXb.woff2               [39m[1m[2m   31.15 kB[22m[1m[22m
[2mdist/[22m[32massets/noto-sans-sc-72-600-normal-DjAad92y.woff                [39m[1m[2m   31.19 kB[22m[1m[22m
[2mdist/[22m[32massets/noto-sans-sc-25-400-normal-CD3JKveN.woff2               [39m[1m[2m   31.22 kB[22m[1m[22m
[2mdist/[22m[32massets/noto-sans-sc-58-600-normal-h_fGq8L7.woff2               [39m[1m[2m   31.22 kB[22m[1m[22m
[2mdist/[22m[32massets/noto-sans-sc-114-600-normal-DJcvbmLg.woff2              [39m[1m[2m   31.23 kB[22m[1m[22m
[2mdist/[22m[32massets/inter-latin-600-normal-CiBQ2DWP.woff                    [39m[1m[2m   31.26 kB[22m[1m[22m
[2mdist/[22m[32massets/inter-latin-500-normal-BL9OpVg8.woff                    [39m[1m[2m   31.28 kB[22m[1m[22m
[2mdist/[22m[32massets/noto-sans-sc-101-500-normal-CjWROJGG.woff2              [39m[1m[2m   31.35 kB[22m[1m[22m
[2mdist/[22m[32massets/noto-sans-sc-25-500-normal-DKB1lxHE.woff2               [39m[1m[2m   31.39 kB[22m[1m[22m
[2mdist/[22m[32massets/noto-sans-sc-113-500-normal-C8tnUFPA.woff2              [39m[1m[2m   31.43 kB[22m[1m[22m
[2mdist/[22m[32massets/noto-sans-sc-113-600-normal-e4aGDSvi.woff2              [39m[1m[2m   31.48 kB[22m[1m[22m
[2mdist/[22m[32massets/noto-sans-sc-101-600-normal-BdVL7cqL.woff2              [39m[1m[2m   31.61 kB[22m[1m[22m
[2mdist/[22m[32massets/noto-sans-sc-62-500-normal-U8mQETkr.woff2               [39m[1m[2m   31.62 kB[22m[1m[22m
[2mdist/[22m[32massets/noto-sans-sc-62-600-normal-BqAQGc4e.woff2               [39m[1m[2m   31.65 kB[22m[1m[22m
[2mdist/[22m[32massets/noto-sans-sc-40-500-normal-DB5ibUsX.woff                [39m[1m[2m   31.67 kB[22m[1m[22m
[2mdist/[22m[32massets/noto-sans-sc-25-600-normal-39c92chn.woff2               [39m[1m[2m   31.68 kB[22m[1m[22m
[2mdist/[22m[32massets/noto-sans-sc-40-400-normal-DmftZfNt.woff                [39m[1m[2m   31.71 kB[22m[1m[22m
[2mdist/[22m[32massets/noto-sans-sc-118-500-normal-zwuv8TSb.woff               [39m[1m[2m   31.74 kB[22m[1m[22m
[2mdist/[22m[32massets/noto-sans-sc-40-600-normal-CatRixuU.woff                [39m[1m[2m   31.77 kB[22m[1m[22m
[2mdist/[22m[32massets/noto-sans-sc-118-600-normal-CiUoZFB0.woff               [39m[1m[2m   31.80 kB[22m[1m[22m
[2mdist/[22m[32massets/noto-sans-sc-81-400-normal-BWPnSkid.woff                [39m[1m[2m   31.80 kB[22m[1m[22m
[2mdist/[22m[32massets/noto-sans-sc-50-600-normal-DDym-SGX.woff                [39m[1m[2m   31.85 kB[22m[1m[22m
[2mdist/[22m[32massets/noto-sans-sc-118-400-normal-CgZ3QXkC.woff               [39m[1m[2m   31.86 kB[22m[1m[22m
[2mdist/[22m[32massets/noto-sans-sc-81-500-normal-CdQrn85D.woff                [39m[1m[2m   31.87 kB[22m[1m[22m
[2mdist/[22m[32massets/noto-sans-sc-81-600-normal-Be_h4tIf.woff                [39m[1m[2m   31.88 kB[22m[1m[22m
[2mdist/[22m[32massets/noto-sans-sc-50-500-normal-kCcjZhyc.woff                [39m[1m[2m   31.94 kB[22m[1m[22m
[2mdist/[22m[32massets/noto-sans-sc-43-400-normal-CVPqYXUd.woff                [39m[1m[2m   31.96 kB[22m[1m[22m
[2mdist/[22m[32massets/noto-sans-sc-109-400-normal-ZEHPyOzB.woff2              [39m[1m[2m   32.06 kB[22m[1m[22m
[2mdist/[22m[32massets/noto-sans-sc-50-400-normal-Ds5H6yvt.woff                [39m[1m[2m   32.06 kB[22m[1m[22m
[2mdist/[22m[32massets/noto-sans-sc-43-500-normal-B8wIbQJo.woff                [39m[1m[2m   32.06 kB[22m[1m[22m
[2mdist/[22m[32massets/noto-sans-sc-102-400-normal-lPQNp5DG.woff2              [39m[1m[2m   32.10 kB[22m[1m[22m
[2mdist/[22m[32massets/noto-sans-sc-43-600-normal-CsCPM25q.woff                [39m[1m[2m   32.11 kB[22m[1m[22m
[2mdist/[22m[32massets/noto-sans-sc-46-400-normal-DxQ4Lw-z.woff2               [39m[1m[2m   32.19 kB[22m[1m[22m
[2mdist/[22m[32massets/noto-sans-sc-71-500-normal-SR18VpvI.woff                [39m[1m[2m   32.22 kB[22m[1m[22m
[2mdist/[22m[32massets/noto-sans-sc-71-600-normal-Dy71AhTd.woff                [39m[1m[2m   32.22 kB[22m[1m[22m
[2mdist/[22m[32massets/noto-sans-sc-71-400-normal-BcUyOtRS.woff                [39m[1m[2m   32.34 kB[22m[1m[22m
[2mdist/[22m[32massets/noto-sans-sc-109-500-normal-CMa8AMM8.woff2              [39m[1m[2m   32.37 kB[22m[1m[22m
[2mdist/[22m[32massets/noto-sans-sc-107-400-normal-DUS2YNa3.woff2              [39m[1m[2m   32.38 kB[22m[1m[22m
[2mdist/[22m[32massets/noto-sans-sc-59-400-normal-D2Pb31nB.woff                [39m[1m[2m   32.38 kB[22m[1m[22m
[2mdist/[22m[32massets/noto-sans-sc-27-400-normal-DU5YC6S1.woff                [39m[1m[2m   32.40 kB[22m[1m[22m
[2mdist/[22m[32massets/noto-sans-sc-109-600-normal-ByuX8nYO.woff2              [39m[1m[2m   32.43 kB[22m[1m[22m
[2mdist/[22m[32massets/noto-sans-sc-102-500-normal-BuRimFGI.woff2              [39m[1m[2m   32.47 kB[22m[1m[22m
[2mdist/[22m[32massets/noto-sans-sc-102-600-normal-N5fiPmcc.woff2              [39m[1m[2m   32.49 kB[22m[1m[22m
[2mdist/[22m[32massets/noto-sans-sc-104-400-normal-DbzfdvQ5.woff2              [39m[1m[2m   32.55 kB[22m[1m[22m
[2mdist/[22m[32massets/noto-sans-sc-27-600-normal-Qbduhdcc.woff                [39m[1m[2m   32.57 kB[22m[1m[22m
[2mdist/[22m[32massets/noto-sans-sc-59-500-normal-Cygs8n9U.woff                [39m[1m[2m   32.60 kB[22m[1m[22m
[2mdist/[22m[32massets/noto-sans-sc-34-400-normal-D06kjf8X.woff                [39m[1m[2m   32.64 kB[22m[1m[22m
[2mdist/[22m[32massets/noto-sans-sc-110-400-normal-D1IYcvpb.woff2              [39m[1m[2m   32.68 kB[22m[1m[22m
[2mdist/[22m[32massets/noto-sans-sc-59-600-normal-DtZXvfLZ.woff                [39m[1m[2m   32.68 kB[22m[1m[22m
[2mdist/[22m[32massets/noto-sans-sc-27-500-normal-CnvSqH4h.woff                [39m[1m[2m   32.69 kB[22m[1m[22m
[2mdist/[22m[32massets/noto-sans-sc-105-400-normal-BiKizsW3.woff2              [39m[1m[2m   32.76 kB[22m[1m[22m
[2mdist/[22m[32massets/noto-sans-sc-33-500-normal-Bq9gQSsE.woff                [39m[1m[2m   32.76 kB[22m[1m[22m
[2mdist/[22m[32massets/noto-sans-sc-34-500-normal-BZLEfIsN.woff                [39m[1m[2m   32.78 kB[22m[1m[22m
[2mdist/[22m[32massets/noto-sans-sc-107-500-normal-SPtoRxRh.woff2              [39m[1m[2m   32.79 kB[22m[1m[22m
[2mdist/[22m[32massets/noto-sans-sc-34-600-normal-BfnzqG-J.woff                [39m[1m[2m   32.79 kB[22m[1m[22m
[2mdist/[22m[32massets/noto-sans-sc-33-400-normal-970__YrQ.woff                [39m[1m[2m   32.81 kB[22m[1m[22m
[2mdist/[22m[32massets/noto-sans-sc-33-600-normal-BIfpFjxR.woff                [39m[1m[2m   32.81 kB[22m[1m[22m
[2mdist/[22m[32massets/noto-sans-sc-107-600-normal-BoqR8N9H.woff2              [39m[1m[2m   32.94 kB[22m[1m[22m
[2mdist/[22m[32massets/noto-sans-sc-104-500-normal-jDvxI4uY.woff2              [39m[1m[2m   32.95 kB[22m[1m[22m
[2mdist/[22m[32massets/noto-sans-sc-28-400-normal-4HLOSY5F.woff                [39m[1m[2m   32.98 kB[22m[1m[22m
[2mdist/[22m[32massets/noto-sans-sc-110-500-normal-jlYZJC5i.woff2              [39m[1m[2m   33.04 kB[22m[1m[22m
[2mdist/[22m[32massets/noto-sans-sc-104-600-normal-CUj_HtCp.woff2              [39m[1m[2m   33.10 kB[22m[1m[22m
[2mdist/[22m[32massets/noto-sans-sc-31-500-normal-EU7y0Jl-.woff                [39m[1m[2m   33.14 kB[22m[1m[22m
[2mdist/[22m[32massets/noto-sans-sc-105-500-normal-DXW7JQ-g.woff2              [39m[1m[2m   33.16 kB[22m[1m[22m
[2mdist/[22m[32massets/noto-sans-sc-111-400-normal-C5Xi9UGz.woff2              [39m[1m[2m   33.16 kB[22m[1m[22m
[2mdist/[22m[32massets/noto-sans-sc-110-600-normal-BOBszRCT.woff2              [39m[1m[2m   33.18 kB[22m[1m[22m
[2mdist/[22m[32massets/noto-sans-sc-106-400-normal-DDMMORp2.woff2              [39m[1m[2m   33.21 kB[22m[1m[22m
[2mdist/[22m[32massets/noto-sans-sc-46-500-normal-B_dRUXQz.woff2               [39m[1m[2m   33.21 kB[22m[1m[22m
[2mdist/[22m[32massets/noto-sans-sc-31-400-normal-CpMy1pFR.woff                [39m[1m[2m   33.21 kB[22m[1m[22m
[2mdist/[22m[32massets/noto-sans-sc-28-600-normal-D0pV6iH6.woff                [39m[1m[2m   33.22 kB[22m[1m[22m
[2mdist/[22m[32massets/noto-sans-sc-35-400-normal-CaG_p1w5.woff                [39m[1m[2m   33.22 kB[22m[1m[22m
[2mdist/[22m[32massets/noto-sans-sc-35-600-normal-CqODizGi.woff                [39m[1m[2m   33.24 kB[22m[1m[22m
[2mdist/[22m[32massets/noto-sans-sc-78-400-normal--Q5ApOuu.woff                [39m[1m[2m   33.24 kB[22m[1m[22m
[2mdist/[22m[32massets/noto-sans-sc-63-400-normal-CzPlApb7.woff                [39m[1m[2m   33.25 kB[22m[1m[22m
[2mdist/[22m[32massets/noto-sans-sc-55-600-normal-Cypt7VMO.woff                [39m[1m[2m   33.26 kB[22m[1m[22m
[2mdist/[22m[32massets/noto-sans-sc-76-600-normal-CT7PXAmq.woff                [39m[1m[2m   33.26 kB[22m[1m[22m
[2mdist/[22m[32massets/noto-sans-sc-35-500-normal-BLqYFRrM.woff                [39m[1m[2m   33.28 kB[22m[1m[22m
[2mdist/[22m[32massets/noto-sans-sc-28-500-normal-BwB7WMjU.woff                [39m[1m[2m   33.30 kB[22m[1m[22m
[2mdist/[22m[32massets/noto-sans-sc-105-600-normal-CSNWrhCk.woff2              [39m[1m[2m   33.32 kB[22m[1m[22m
[2mdist/[22m[32massets/noto-sans-sc-24-400-normal-mI4tDgE1.woff2               [39m[1m[2m   33.33 kB[22m[1m[22m
[2mdist/[22m[32massets/noto-sans-sc-31-600-normal-xgdO8yzx.woff                [39m[1m[2m   33.33 kB[22m[1m[22m
[2mdist/[22m[32massets/noto-sans-sc-63-500-normal-CNJybeC3.woff                [39m[1m[2m   33.34 kB[22m[1m[22m
[2mdist/[22m[32massets/noto-sans-sc-63-600-normal-BhxLApvP.woff                [39m[1m[2m   33.34 kB[22m[1m[22m
[2mdist/[22m[32massets/noto-sans-sc-76-500-normal-PRJKzsYx.woff                [39m[1m[2m   33.37 kB[22m[1m[22m
[2mdist/[22m[32massets/noto-sans-sc-78-500-normal-HYZYmtKV.woff                [39m[1m[2m   33.39 kB[22m[1m[22m
[2mdist/[22m[32massets/noto-sans-sc-46-600-normal-DtPTdVKs.woff2               [39m[1m[2m   33.40 kB[22m[1m[22m
[2mdist/[22m[32massets/noto-sans-sc-75-600-normal-BNd2DqNB.woff                [39m[1m[2m   33.41 kB[22m[1m[22m
[2mdist/[22m[32massets/noto-sans-sc-55-500-normal-D7G22g_o.woff                [39m[1m[2m   33.42 kB[22m[1m[22m
[2mdist/[22m[32massets/noto-sans-sc-76-400-normal-C4_76-zS.woff                [39m[1m[2m   33.44 kB[22m[1m[22m
[2mdist/[22m[32massets/noto-sans-sc-78-600-normal-DDVnp49L.woff                [39m[1m[2m   33.45 kB[22m[1m[22m
[2mdist/[22m[32massets/noto-sans-sc-75-400-normal-BBx4YRQ9.woff                [39m[1m[2m   33.47 kB[22m[1m[22m
[2mdist/[22m[32massets/noto-sans-sc-111-500-normal-BSdshYmW.woff2              [39m[1m[2m   33.50 kB[22m[1m[22m
[2mdist/[22m[32massets/noto-sans-sc-75-500-normal-BqWpgxml.woff                [39m[1m[2m   33.50 kB[22m[1m[22m
[2mdist/[22m[32massets/noto-sans-sc-55-400-normal-BJgYTKZI.woff                [39m[1m[2m   33.54 kB[22m[1m[22m
[2mdist/[22m[32massets/noto-sans-sc-106-500-normal-9h6-MSep.woff2              [39m[1m[2m   33.59 kB[22m[1m[22m
[2mdist/[22m[32massets/noto-sans-sc-106-600-normal-BB1XXQOY.woff2              [39m[1m[2m   33.72 kB[22m[1m[22m
[2mdist/[22m[32massets/noto-sans-sc-111-600-normal-4vIPn_Pp.woff2              [39m[1m[2m   33.74 kB[22m[1m[22m
[2mdist/[22m[32massets/noto-sans-sc-24-500-normal-DMJ84PR8.woff2               [39m[1m[2m   33.74 kB[22m[1m[22m
[2mdist/[22m[32massets/noto-sans-sc-103-400-normal-DrxRoDmn.woff2              [39m[1m[2m   33.84 kB[22m[1m[22m
[2mdist/[22m[32massets/noto-sans-sc-24-600-normal-CpcuAbjO.woff2               [39m[1m[2m   34.00 kB[22m[1m[22m
[2mdist/[22m[32massets/noto-sans-sc-32-400-normal-BB06QLw6.woff                [39m[1m[2m   34.06 kB[22m[1m[22m
[2mdist/[22m[32massets/noto-sans-sc-108-400-normal-D80tGT87.woff2              [39m[1m[2m   34.14 kB[22m[1m[22m
[2mdist/[22m[32massets/noto-sans-sc-32-500-normal-1J58h2E0.woff                [39m[1m[2m   34.18 kB[22m[1m[22m
[2mdist/[22m[32massets/noto-sans-sc-100-400-normal-CX-7pUk_.woff2              [39m[1m[2m   34.27 kB[22m[1m[22m
[2mdist/[22m[32massets/noto-sans-sc-103-500-normal-BvWkBJSJ.woff2              [39m[1m[2m   34.29 kB[22m[1m[22m
[2mdist/[22m[32massets/noto-sans-sc-103-600-normal-Dgr9cfWw.woff2              [39m[1m[2m   34.33 kB[22m[1m[22m
[2mdist/[22m[32massets/noto-sans-sc-32-600-normal-7vsN-Qh0.woff                [39m[1m[2m   34.45 kB[22m[1m[22m
[2mdist/[22m[32massets/noto-sans-sc-108-500-normal-clZ-BISV.woff2              [39m[1m[2m   34.53 kB[22m[1m[22m
[2mdist/[22m[32massets/noto-sans-sc-22-400-normal-yOvQSDF6.woff2               [39m[1m[2m   34.55 kB[22m[1m[22m
[2mdist/[22m[32massets/noto-sans-sc-108-600-normal-BVdTPKhg.woff2              [39m[1m[2m   34.63 kB[22m[1m[22m
[2mdist/[22m[32massets/noto-sans-sc-100-500-normal-LjZqvEsR.woff2              [39m[1m[2m   34.66 kB[22m[1m[22m
[2mdist/[22m[32massets/noto-sans-sc-54-600-normal-DcSemIvZ.woff                [39m[1m[2m   34.69 kB[22m[1m[22m
[2mdist/[22m[32massets/noto-sans-sc-54-500-normal-Bn5KGttd.woff                [39m[1m[2m   34.74 kB[22m[1m[22m
[2mdist/[22m[32massets/noto-sans-sc-54-400-normal-BayPw5AU.woff                [39m[1m[2m   34.80 kB[22m[1m[22m
[2mdist/[22m[32massets/noto-sans-sc-39-500-normal-BQ9_Gu47.woff                [39m[1m[2m   34.82 kB[22m[1m[22m
[2mdist/[22m[32massets/noto-sans-sc-100-600-normal-O4yONnba.woff2              [39m[1m[2m   34.84 kB[22m[1m[22m
[2mdist/[22m[32massets/noto-sans-sc-39-600-normal-CSwjKylI.woff                [39m[1m[2m   34.84 kB[22m[1m[22m
[2mdist/[22m[32massets/noto-sans-sc-48-400-normal-BeitBaI5.woff                [39m[1m[2m   34.85 kB[22m[1m[22m
[2mdist/[22m[32massets/noto-sans-sc-39-400-normal-BdnXWhtv.woff                [39m[1m[2m   34.90 kB[22m[1m[22m
[2mdist/[22m[32massets/noto-sans-sc-22-500-normal-Duo_NxTl.woff2               [39m[1m[2m   34.95 kB[22m[1m[22m
[2mdist/[22m[32massets/noto-sans-sc-26-400-normal-Dxnlkp_o.woff                [39m[1m[2m   34.97 kB[22m[1m[22m
[2mdist/[22m[32massets/inter-latin-ext-400-normal-C1nco2VV.woff2               [39m[1m[2m   35.00 kB[22m[1m[22m
[2mdist/[22m[32massets/noto-sans-sc-48-500-normal-CxY-QGbx.woff                [39m[1m[2m   35.01 kB[22m[1m[22m
[2mdist/[22m[32massets/noto-sans-sc-48-600-normal-DcIZPCzo.woff                [39m[1m[2m   35.03 kB[22m[1m[22m
[2mdist/[22m[32massets/noto-sans-sc-52-400-normal-aCTK3zc9.woff                [39m[1m[2m   35.04 kB[22m[1m[22m
[2mdist/[22m[32massets/noto-sans-sc-22-600-normal-BcKYT3Gi.woff2               [39m[1m[2m   35.09 kB[22m[1m[22m
[2mdist/[22m[32massets/noto-sans-sc-26-600-normal-B3pIfPiJ.woff                [39m[1m[2m   35.11 kB[22m[1m[22m
[2mdist/[22m[32massets/noto-sans-sc-26-500-normal-Bi1v18Vm.woff                [39m[1m[2m   35.13 kB[22m[1m[22m
[2mdist/[22m[32massets/noto-sans-sc-52-600-normal-12rG_vJz.woff                [39m[1m[2m   35.28 kB[22m[1m[22m
[2mdist/[22m[32massets/noto-sans-sc-52-500-normal-CWWRVJV5.woff                [39m[1m[2m   35.38 kB[22m[1m[22m
[2mdist/[22m[32massets/noto-sans-sc-37-600-normal-BBSOpsKg.woff                [39m[1m[2m   35.51 kB[22m[1m[22m
[2mdist/[22m[32massets/noto-sans-sc-117-600-normal-Eab7Xunf.woff               [39m[1m[2m   35.55 kB[22m[1m[22m
[2mdist/[22m[32massets/noto-sans-sc-49-500-normal-C4ue3-in.woff                [39m[1m[2m   35.58 kB[22m[1m[22m
[2mdist/[22m[32massets/noto-sans-sc-117-500-normal-nF8AQpzo.woff               [39m[1m[2m   35.60 kB[22m[1m[22m
[2mdist/[22m[32massets/noto-sans-sc-49-400-normal-C0rnBp58.woff                [39m[1m[2m   35.61 kB[22m[1m[22m
[2mdist/[22m[32massets/noto-sans-sc-117-400-normal-DsfbLHms.woff               [39m[1m[2m   35.65 kB[22m[1m[22m
[2mdist/[22m[32massets/noto-sans-sc-116-600-normal-Bho1gHEE.woff               [39m[1m[2m   35.67 kB[22m[1m[22m
[2mdist/[22m[32massets/noto-sans-sc-116-500-normal-0vvUNs3z.woff               [39m[1m[2m   35.68 kB[22m[1m[22m
[2mdist/[22m[32massets/noto-sans-sc-49-600-normal-CGJyiTDD.woff                [39m[1m[2m   35.72 kB[22m[1m[22m
[2mdist/[22m[32massets/noto-sans-sc-66-500-normal-DBxkAtMD.woff                [39m[1m[2m   35.73 kB[22m[1m[22m
[2mdist/[22m[32massets/noto-sans-sc-66-400-normal-DyRyltg8.woff                [39m[1m[2m   35.74 kB[22m[1m[22m
[2mdist/[22m[32massets/noto-sans-sc-37-500-normal-CjOa93uh.woff                [39m[1m[2m   35.76 kB[22m[1m[22m
[2mdist/[22m[32massets/noto-sans-sc-66-600-normal-BFUYUTiD.woff                [39m[1m[2m   35.76 kB[22m[1m[22m
[2mdist/[22m[32massets/noto-sans-sc-116-400-normal-DDOlrOnk.woff               [39m[1m[2m   35.77 kB[22m[1m[22m
[2mdist/[22m[32massets/noto-sans-sc-37-400-normal-BR9TSq0A.woff                [39m[1m[2m   35.81 kB[22m[1m[22m
[2mdist/[22m[32massets/noto-sans-sc-29-400-normal-DmkA50P6.woff                [39m[1m[2m   35.84 kB[22m[1m[22m
[2mdist/[22m[32massets/noto-sans-sc-67-600-normal-C-lHymTB.woff                [39m[1m[2m   35.88 kB[22m[1m[22m
[2mdist/[22m[32massets/noto-sans-sc-29-600-normal-Da05Bg3n.woff                [39m[1m[2m   35.88 kB[22m[1m[22m
[2mdist/[22m[32massets/noto-sans-sc-29-500-normal-BERGRSJk.woff                [39m[1m[2m   35.92 kB[22m[1m[22m
[2mdist/[22m[32massets/noto-sans-sc-67-500-normal-C70tqdyd.woff                [39m[1m[2m   35.92 kB[22m[1m[22m
[2mdist/[22m[32massets/inter-latin-ext-500-normal-CV4jyFjo.woff2               [39m[1m[2m   36.02 kB[22m[1m[22m
[2mdist/[22m[32massets/noto-sans-sc-67-400-normal--wzFx5DH.woff                [39m[1m[2m   36.09 kB[22m[1m[22m
[2mdist/[22m[32massets/noto-sans-sc-44-400-normal-BT6yUYAt.woff                [39m[1m[2m   36.12 kB[22m[1m[22m
[2mdist/[22m[32massets/noto-sans-sc-44-600-normal-DM4HkkEe.woff                [39m[1m[2m   36.18 kB[22m[1m[22m
[2mdist/[22m[32massets/inter-latin-ext-600-normal-D2bJ5OIk.woff2               [39m[1m[2m   36.26 kB[22m[1m[22m
[2mdist/[22m[32massets/noto-sans-sc-44-500-normal-Bpe2AuLb.woff                [39m[1m[2m   36.33 kB[22m[1m[22m
[2mdist/[22m[32massets/noto-sans-sc-45-400-normal-DdOuPp0S.woff2               [39m[1m[2m   36.84 kB[22m[1m[22m
[2mdist/[22m[32massets/noto-sans-sc-56-600-normal-D0b6JdQ1.woff                [39m[1m[2m   37.31 kB[22m[1m[22m
[2mdist/[22m[32massets/noto-sans-sc-56-400-normal-DsWT-1MH.woff                [39m[1m[2m   37.33 kB[22m[1m[22m
[2mdist/[22m[32massets/noto-sans-sc-56-500-normal-Di33RYwT.woff                [39m[1m[2m   37.34 kB[22m[1m[22m
[2mdist/[22m[32massets/noto-sans-sc-38-500-normal-k9ZtLoyD.woff                [39m[1m[2m   37.50 kB[22m[1m[22m
[2mdist/[22m[32massets/noto-sans-sc-38-600-normal-CRo4mJSz.woff                [39m[1m[2m   37.54 kB[22m[1m[22m
[2mdist/[22m[32massets/noto-sans-sc-38-400-normal-Pcs7Bw7T.woff                [39m[1m[2m   37.66 kB[22m[1m[22m
[2mdist/[22m[32massets/noto-sans-sc-57-400-normal-CS3ugs7l.woff                [39m[1m[2m   37.73 kB[22m[1m[22m
[2mdist/[22m[32massets/noto-sans-sc-115-600-normal-Uydmp26p.woff               [39m[1m[2m   37.82 kB[22m[1m[22m
[2mdist/[22m[32massets/noto-sans-sc-115-400-normal-mjVAPzyl.woff               [39m[1m[2m   37.86 kB[22m[1m[22m
[2mdist/[22m[32massets/noto-sans-sc-45-500-normal-BQ7H7gEJ.woff2               [39m[1m[2m   37.93 kB[22m[1m[22m
[2mdist/[22m[32massets/noto-sans-sc-115-500-normal-CrCXxLIm.woff               [39m[1m[2m   37.96 kB[22m[1m[22m
[2mdist/[22m[32massets/noto-sans-sc-23-400-normal-CX4MRI2p.woff                [39m[1m[2m   38.04 kB[22m[1m[22m
[2mdist/[22m[32massets/noto-sans-sc-23-500-normal-noU9KHBY.woff                [39m[1m[2m   38.07 kB[22m[1m[22m
[2mdist/[22m[32massets/noto-sans-sc-57-500-normal-PRPjErGH.woff                [39m[1m[2m   38.08 kB[22m[1m[22m
[2mdist/[22m[32massets/noto-sans-sc-23-600-normal-DpK4Wjx3.woff                [39m[1m[2m   38.19 kB[22m[1m[22m
[2mdist/[22m[32massets/noto-sans-sc-45-600-normal-0BPZ4DzA.woff2               [39m[1m[2m   38.25 kB[22m[1m[22m
[2mdist/[22m[32massets/noto-sans-sc-69-400-normal-DVTFUlay.woff                [39m[1m[2m   38.30 kB[22m[1m[22m
[2mdist/[22m[32massets/noto-sans-sc-57-600-normal-C1nz6DQZ.woff                [39m[1m[2m   38.32 kB[22m[1m[22m
[2mdist/[22m[32massets/noto-sans-sc-30-500-normal-1_KfjTfy.woff                [39m[1m[2m   38.55 kB[22m[1m[22m
[2mdist/[22m[32massets/noto-sans-sc-30-400-normal-D4bISz8a.woff                [39m[1m[2m   38.55 kB[22m[1m[22m
[2mdist/[22m[32massets/noto-sans-sc-69-500-normal-BNOLZVQG.woff                [39m[1m[2m   38.61 kB[22m[1m[22m
[2mdist/[22m[32massets/noto-sans-sc-69-600-normal-BN-A0bHG.woff                [39m[1m[2m   38.68 kB[22m[1m[22m
[2mdist/[22m[32massets/noto-sans-sc-114-600-normal-C0vO_Qps.woff               [39m[1m[2m   38.81 kB[22m[1m[22m
[2mdist/[22m[32massets/noto-sans-sc-112-400-normal-D7zgcIsz.woff               [39m[1m[2m   38.84 kB[22m[1m[22m
[2mdist/[22m[32massets/noto-sans-sc-112-600-normal-C4D74h47.woff               [39m[1m[2m   38.91 kB[22m[1m[22m
[2mdist/[22m[32massets/noto-sans-sc-58-400-normal-BDZWSF0h.woff                [39m[1m[2m   38.92 kB[22m[1m[22m
[2mdist/[22m[32massets/noto-sans-sc-47-400-normal-TIljQdBM.woff                [39m[1m[2m   38.94 kB[22m[1m[22m
[2mdist/[22m[32massets/noto-sans-sc-114-500-normal-DybW6syP.woff               [39m[1m[2m   38.95 kB[22m[1m[22m
[2mdist/[22m[32massets/noto-sans-sc-58-500-normal-CHq80MvY.woff                [39m[1m[2m   38.97 kB[22m[1m[22m
[2mdist/[22m[32massets/noto-sans-sc-114-400-normal-CGiue1yH.woff               [39m[1m[2m   39.01 kB[22m[1m[22m
[2mdist/[22m[32massets/noto-sans-sc-112-500-normal-Bg-nnWM-.woff               [39m[1m[2m   39.01 kB[22m[1m[22m
[2mdist/[22m[32massets/noto-sans-sc-58-600-normal-Cp1SwO3Z.woff                [39m[1m[2m   39.06 kB[22m[1m[22m
[2mdist/[22m[32massets/noto-sans-sc-47-600-normal-Bd2p56Oj.woff                [39m[1m[2m   39.15 kB[22m[1m[22m
[2mdist/[22m[32massets/noto-sans-sc-30-600-normal-yhyhPvPN.woff                [39m[1m[2m   39.16 kB[22m[1m[22m
[2mdist/[22m[32massets/noto-sans-sc-47-500-normal-CWZyWKG5.woff                [39m[1m[2m   39.22 kB[22m[1m[22m
[2mdist/[22m[32massets/noto-sans-sc-62-400-normal-B7SX0Ny8.woff                [39m[1m[2m   39.23 kB[22m[1m[22m
[2mdist/[22m[32massets/noto-sans-sc-62-500-normal-DIpNWXyc.woff                [39m[1m[2m   39.36 kB[22m[1m[22m
[2mdist/[22m[32massets/noto-sans-sc-62-600-normal-BR4I9zBJ.woff                [39m[1m[2m   39.43 kB[22m[1m[22m
[2mdist/[22m[32massets/noto-sans-sc-25-400-normal-C6yCXu6a.woff                [39m[1m[2m   39.44 kB[22m[1m[22m
[2mdist/[22m[32massets/noto-sans-sc-113-400-normal-DSmELDL6.woff               [39m[1m[2m   39.44 kB[22m[1m[22m
[2mdist/[22m[32massets/noto-sans-sc-74-600-normal-C-VCYuwV.woff                [39m[1m[2m   39.45 kB[22m[1m[22m
[2mdist/[22m[32massets/noto-sans-sc-113-600-normal-BqI4Uckm.woff               [39m[1m[2m   39.46 kB[22m[1m[22m
[2mdist/[22m[32massets/noto-sans-sc-113-500-normal-yfrymLZ5.woff               [39m[1m[2m   39.49 kB[22m[1m[22m
[2mdist/[22m[32massets/noto-sans-sc-25-600-normal-Bys8Ptb9.woff                [39m[1m[2m   39.52 kB[22m[1m[22m
[2mdist/[22m[32massets/noto-sans-sc-74-400-normal-C15MV3i1.woff                [39m[1m[2m   39.55 kB[22m[1m[22m
[2mdist/[22m[32massets/noto-sans-sc-74-500-normal-mqfHElgm.woff                [39m[1m[2m   39.61 kB[22m[1m[22m
[2mdist/[22m[32massets/noto-sans-sc-25-500-normal-D6pTcZTB.woff                [39m[1m[2m   39.63 kB[22m[1m[22m
[2mdist/[22m[32massets/noto-sans-sc-101-400-normal-Bi19zLN0.woff               [39m[1m[2m   39.66 kB[22m[1m[22m
[2mdist/[22m[32massets/noto-sans-sc-101-600-normal-CTvqUwGz.woff               [39m[1m[2m   39.69 kB[22m[1m[22m
[2mdist/[22m[32massets/noto-sans-sc-101-500-normal-BN9oHDbj.woff               [39m[1m[2m   39.75 kB[22m[1m[22m
[2mdist/[22m[32massets/noto-sans-sc-46-400-normal-D8BHNHvK.woff                [39m[1m[2m   39.83 kB[22m[1m[22m
[2mdist/[22m[32massets/noto-sans-sc-46-500-normal-B2zSjaQL.woff                [39m[1m[2m   40.16 kB[22m[1m[22m
[2mdist/[22m[32massets/noto-sans-sc-46-600-normal-Beh1WiVV.woff                [39m[1m[2m   40.40 kB[22m[1m[22m
[2mdist/[22m[32massets/noto-sans-sc-109-600-normal-CeANmCSU.woff               [39m[1m[2m   40.60 kB[22m[1m[22m
[2mdist/[22m[32massets/noto-sans-sc-109-400-normal-D-QmuIiA.woff               [39m[1m[2m   40.66 kB[22m[1m[22m
[2mdist/[22m[32massets/noto-sans-sc-109-500-normal-iEZXLREo.woff               [39m[1m[2m   40.68 kB[22m[1m[22m
[2mdist/[22m[32massets/noto-sans-sc-102-500-normal-C0Y0g66e.woff               [39m[1m[2m   40.76 kB[22m[1m[22m
[2mdist/[22m[32massets/noto-sans-sc-102-600-normal-BLEfN8DQ.woff               [39m[1m[2m   40.79 kB[22m[1m[22m
[2mdist/[22m[32massets/noto-sans-sc-102-400-normal-D9Vb3-ZK.woff               [39m[1m[2m   40.84 kB[22m[1m[22m
[2mdist/[22m[32massets/noto-sans-sc-107-400-normal-7y5Di-0o.woff               [39m[1m[2m   41.02 kB[22m[1m[22m
[2mdist/[22m[32massets/noto-sans-sc-107-600-normal-BiIyjO56.woff               [39m[1m[2m   41.09 kB[22m[1m[22m
[2mdist/[22m[32massets/noto-sans-sc-104-500-normal-Bdbt_XZi.woff               [39m[1m[2m   41.12 kB[22m[1m[22m
[2mdist/[22m[32massets/noto-sans-sc-107-500-normal-B-G69eS6.woff               [39m[1m[2m   41.15 kB[22m[1m[22m
[2mdist/[22m[32massets/noto-sans-sc-110-500-normal-DPpO1Jgy.woff               [39m[1m[2m   41.16 kB[22m[1m[22m
[2mdist/[22m[32massets/noto-sans-sc-104-600-normal-DSQ0fy8p.woff               [39m[1m[2m   41.18 kB[22m[1m[22m
[2mdist/[22m[32massets/noto-sans-sc-104-400-normal-Dlu6I-os.woff               [39m[1m[2m   41.18 kB[22m[1m[22m
[2mdist/[22m[32massets/noto-sans-sc-110-600-normal-HVXx4_N8.woff               [39m[1m[2m   41.19 kB[22m[1m[22m
[2mdist/[22m[32massets/noto-sans-sc-110-400-normal-BdM_D5Jz.woff               [39m[1m[2m   41.24 kB[22m[1m[22m
[2mdist/[22m[32massets/noto-sans-sc-119-400-normal-flOVnW3A.woff2              [39m[1m[2m   41.29 kB[22m[1m[22m
[2mdist/[22m[32massets/noto-sans-sc-119-600-normal-r16dHS10.woff2              [39m[1m[2m   41.47 kB[22m[1m[22m
[2mdist/[22m[32massets/noto-sans-sc-24-600-normal-B2rYgW7n.woff                [39m[1m[2m   41.59 kB[22m[1m[22m
[2mdist/[22m[32massets/noto-sans-sc-119-500-normal-Bg7BvryU.woff2              [39m[1m[2m   41.60 kB[22m[1m[22m
[2mdist/[22m[32massets/noto-sans-sc-24-500-normal-Db8iJVVk.woff                [39m[1m[2m   41.70 kB[22m[1m[22m
[2mdist/[22m[32massets/noto-sans-sc-105-500-normal-BeiidV7n.woff               [39m[1m[2m   41.72 kB[22m[1m[22m
[2mdist/[22m[32massets/noto-sans-sc-105-400-normal-DAvx8soP.woff               [39m[1m[2m   41.73 kB[22m[1m[22m
[2mdist/[22m[32massets/noto-sans-sc-105-600-normal-CpN93d9J.woff               [39m[1m[2m   41.76 kB[22m[1m[22m
[2mdist/[22m[32massets/noto-sans-sc-24-400-normal-ClGanIYI.woff                [39m[1m[2m   41.88 kB[22m[1m[22m
[2mdist/[22m[32massets/noto-sans-sc-111-600-normal-DQHIzkYP.woff               [39m[1m[2m   42.25 kB[22m[1m[22m
[2mdist/[22m[32massets/noto-sans-sc-106-600-normal-GdAY_oj9.woff               [39m[1m[2m   42.25 kB[22m[1m[22m
[2mdist/[22m[32massets/noto-sans-sc-111-400-normal-D5coW_21.woff               [39m[1m[2m   42.26 kB[22m[1m[22m
[2mdist/[22m[32massets/noto-sans-sc-106-400-normal-CLmIr7NC.woff               [39m[1m[2m   42.32 kB[22m[1m[22m
[2mdist/[22m[32massets/noto-sans-sc-111-500-normal-DEljdFMy.woff               [39m[1m[2m   42.34 kB[22m[1m[22m
[2mdist/[22m[32massets/noto-sans-sc-106-500-normal-uFHAs7NG.woff               [39m[1m[2m   42.36 kB[22m[1m[22m
[2mdist/[22m[32massets/noto-sans-sc-108-500-normal-BrSvs91A.woff               [39m[1m[2m   42.92 kB[22m[1m[22m
[2mdist/[22m[32massets/noto-sans-sc-108-600-normal-CMkyj311.woff               [39m[1m[2m   42.93 kB[22m[1m[22m
[2mdist/[22m[32massets/noto-sans-sc-108-400-normal-BjvHph8P.woff               [39m[1m[2m   42.98 kB[22m[1m[22m
[2mdist/[22m[32massets/noto-sans-sc-103-400-normal-142t-yFg.woff               [39m[1m[2m   42.99 kB[22m[1m[22m
[2mdist/[22m[32massets/noto-sans-sc-22-400-normal-B_m_Ehi5.woff                [39m[1m[2m   43.12 kB[22m[1m[22m
[2mdist/[22m[32massets/noto-sans-sc-103-500-normal-B3LncNxH.woff               [39m[1m[2m   43.12 kB[22m[1m[22m
[2mdist/[22m[32massets/noto-sans-sc-103-600-normal-oLZfpTxA.woff               [39m[1m[2m   43.25 kB[22m[1m[22m
[2mdist/[22m[32massets/noto-sans-sc-22-600-normal-BzUP5tYU.woff                [39m[1m[2m   43.39 kB[22m[1m[22m
[2mdist/[22m[32massets/noto-sans-sc-22-500-normal-BRuBCg0-.woff                [39m[1m[2m   43.50 kB[22m[1m[22m
[2mdist/[22m[32massets/noto-sans-sc-100-600-normal-D-989Ru7.woff               [39m[1m[2m   43.67 kB[22m[1m[22m
[2mdist/[22m[32massets/noto-sans-sc-100-400-normal-BO-rXsv0.woff               [39m[1m[2m   43.72 kB[22m[1m[22m
[2mdist/[22m[32massets/noto-sans-sc-100-500-normal-f8ZrmPAC.woff               [39m[1m[2m   43.73 kB[22m[1m[22m
[2mdist/[22m[32massets/noto-sans-sc-45-400-normal-wKcTGncR.woff                [39m[1m[2m   45.59 kB[22m[1m[22m
[2mdist/[22m[32massets/noto-sans-sc-45-500-normal-Nbt6APEA.woff                [39m[1m[2m   46.08 kB[22m[1m[22m
[2mdist/[22m[32massets/noto-sans-sc-45-600-normal-C5VMdef9.woff                [39m[1m[2m   46.34 kB[22m[1m[22m
[2mdist/[22m[32massets/inter-latin-ext-400-normal-77YHD8bZ.woff                [39m[1m[2m   47.56 kB[22m[1m[22m
[2mdist/[22m[32massets/inter-latin-ext-500-normal-BxGbmqWO.woff                [39m[1m[2m   48.49 kB[22m[1m[22m
[2mdist/[22m[32massets/inter-latin-ext-600-normal-CIVaiw4L.woff                [39m[1m[2m   48.67 kB[22m[1m[22m
[2mdist/[22m[32massets/noto-sans-sc-119-600-normal-CjqexEh-.woff               [39m[1m[2m   52.58 kB[22m[1m[22m
[2mdist/[22m[32massets/noto-sans-sc-119-500-normal-BMc7xZUY.woff               [39m[1m[2m   52.82 kB[22m[1m[22m
[2mdist/[22m[32massets/noto-sans-sc-119-400-normal-C7mqcMDM.woff               [39m[1m[2m   53.63 kB[22m[1m[22m
[2mdist/[22m[32mindex.html                                                     [39m[1m[2m   71.83 kB[22m[1m[22m[2m │ gzip:  16.56 kB[22m
[2mdist/[22m[32massets/highlight.min-BEh51luH.js                               [39m[1m[2m  122.94 kB[22m[1m[22m
[2mdist/[22m[32massets/socrates_wasm_bg-Cwv3Am7m.wasm                          [39m[1m[2m  153.00 kB[22m[1m[22m[2m │ gzip:  55.27 kB[22m
[2mdist/[22m[32massets/katex.min-DhXf9sk_.js                                   [39m[1m[2m  277.04 kB[22m[1m[22m
[2mdist/[22m[32massets/echarts.min-QdC_pc9m.js                                 [39m[1m[2m1,121.93 kB[22m[1m[22m
[2mdist/[22m[32massets/mermaid.min-BWFPx3eM.js                                 [39m[1m[2m3,568.69 kB[22m[1m[22m
[2mdist/[22m[32massets/plotly.min-BexSB_Zh.js                                  [39m[1m[2m4,855.05 kB[22m[1m[22m
[2mdist/[22m[35massets/katex.min-Cet2falV.css                                  [39m[1m[2m   23.20 kB[22m[1m[22m[2m │ gzip:   3.50 kB[22m
[2mdist/[22m[35massets/style-XgBtApMe.css                                      [39m[1m[2m1,064.03 kB[22m[1m[22m[2m │ gzip: 259.17 kB[22m
[2mdist/[22m[36massets/store-DXb6BPom.js                                       [39m[1m[2m    1.04 kB[22m[1m[22m[2m │ gzip:   0.59 kB[22m
[2mdist/[22m[36massets/socrates_wasm-BP8MUQEH.js                               [39m[1m[2m   12.20 kB[22m[1m[22m[2m │ gzip:   3.97 kB[22m
[2mdist/[22m[36massets/i18n-CZycgYQI.js                                        [39m[1m[2m   95.16 kB[22m[1m[22m[2m │ gzip:  31.68 kB[22m
[2mdist/[22m[36massets/render-Bs_qkYwK.js                                      [39m[1m[2m  121.42 kB[22m[1m[22m[2m │ gzip:  38.12 kB[22m
[2mdist/[22m[36massets/vendor-react-Bzd50Dr4.js                                [39m[1m[2m  194.82 kB[22m[1m[22m[2m │ gzip:  61.00 kB[22m
[2mdist/[22m[36massets/ui-BWG5A1Vn.js                                          [39m[1m[2m  206.37 kB[22m[1m[22m[2m │ gzip:  64.01 kB[22m
[2mdist/[22m[36massets/chat-B3xbzX1y.js                                        [39m[1m[2m  338.92 kB[22m[1m[22m[2m │ gzip: 110.67 kB[22m
[2mdist/[22m[36massets/index-BQnxYCgb.js                                       [39m[1m[33m  614.20 kB[39m[22m[2m │ gzip: 206.34 kB[22m
[2mdist/[22m[36massets/vendor-D7DpIc8w.js                                      [39m[1m[33m2,689.84 kB[39m[22m[2m │ gzip: 785.92 kB[22m

(!) Some chunks are larger than 500 kB after minification. Consider:
- Using dynamic import() to code-split the application
- Use build.rollupOptions.output.manualChunks to improve chunking: https://rollupjs.org/configuration-options/#output-manualchunks
- Adjust chunk size limit for this warning via build.chunkSizeWarningLimit.
[32m✓ built in 22.41s[39m
